Release 14.7 - xst P.20131013 (lin64)
Copyright (c) 1995-2013 Xilinx, Inc.  All rights reserved.
--> 
Parameter TMPDIR set to xst/projnav.tmp


Total REAL time to Xst completion: 0.00 secs
Total CPU time to Xst completion: 0.05 secs
 
--> 
Parameter xsthdpdir set to xst


Total REAL time to Xst completion: 0.00 secs
Total CPU time to Xst completion: 0.05 secs
 
--> 
Reading design: LAPO.prj

TABLE OF CONTENTS
  1) Synthesis Options Summary
  2) HDL Parsing
  3) HDL Elaboration
  4) HDL Synthesis
       4.1) HDL Synthesis Report
  5) Advanced HDL Synthesis
       5.1) Advanced HDL Synthesis Report
  6) Low Level Synthesis
  7) Partition Report
  8) Design Summary
       8.1) Primitive and Black Box Usage
       8.2) Device utilization summary
       8.3) Partition Resource Summary
       8.4) Timing Report
            8.4.1) Clock Information
            8.4.2) Asynchronous Control Signals Information
            8.4.3) Timing Summary
            8.4.4) Timing Details
            8.4.5) Cross Clock Domains Report


=========================================================================
*                      Synthesis Options Summary                        *
=========================================================================
---- Source Parameters
Input File Name                    : "LAPO.prj"
Ignore Synthesis Constraint File   : NO

---- Target Parameters
Output File Name                   : "LAPO"
Output Format                      : NGC
Target Device                      : xc6vlx75t-3-ff484

---- Source Options
Top Module Name                    : LAPO
Automatic FSM Extraction           : YES
FSM Encoding Algorithm             : Auto
Safe Implementation                : No
FSM Style                          : LUT
RAM Extraction                     : Yes
RAM Style                          : Auto
ROM Extraction                     : Yes
Shift Register Extraction          : YES
ROM Style                          : Auto
Resource Sharing                   : YES
Asynchronous To Synchronous        : NO
Shift Register Minimum Size        : 2
Use DSP Block                      : Auto
Automatic Register Balancing       : No

---- Target Options
LUT Combining                      : Auto
Reduce Control Sets                : Auto
Add IO Buffers                     : YES
Global Maximum Fanout              : 100000
Add Generic Clock Buffer(BUFG)     : 32
Register Duplication               : YES
Optimize Instantiated Primitives   : NO
Use Clock Enable                   : Auto
Use Synchronous Set                : Auto
Use Synchronous Reset              : Auto
Pack IO Registers into IOBs        : Auto
Equivalent register Removal        : YES

---- General Options
Optimization Goal                  : Speed
Optimization Effort                : 2
Power Reduction                    : NO
Keep Hierarchy                     : No
Netlist Hierarchy                  : As_Optimized
RTL Output                         : Yes
Global Optimization                : AllClockNets
Read Cores                         : YES
Write Timing Constraints           : NO
Cross Clock Analysis               : NO
Hierarchy Separator                : /
Bus Delimiter                      : <>
Case Specifier                     : Maintain
Slice Utilization Ratio            : 100
BRAM Utilization Ratio             : 100
DSP48 Utilization Ratio            : 100
Auto BRAM Packing                  : NO
Slice Utilization Ratio Delta      : 5

---- Other Options
Cores Search Directories           : {"ipcore_dir"  }

=========================================================================


=========================================================================
*                          HDL Parsing                                  *
=========================================================================
Parsing VHDL file "/home/cipolletta/Documenti/SSDS/assignment_gamma/lapo/incRam/ipcore_dir/LUT_rom_2.vhd" into library work
Parsing entity <LUT_rom_2>.
Parsing architecture <LUT_rom_2_a> of entity <lut_rom_2>.
Parsing VHDL file "/home/cipolletta/Documenti/SSDS/assignment_gamma/lapo/incRam/mux2_parallelism.vhd" into library work
Parsing entity <mux2_parallelism>.
Parsing architecture <Behavioral> of entity <mux2_parallelism>.
Parsing VHDL file "/home/cipolletta/Documenti/SSDS/assignment_gamma/lapo/incRam/ipcore_dir/ram.vhd" into library work
Parsing entity <ram>.
Parsing architecture <ram_a> of entity <ram>.
Parsing VHDL file "/home/cipolletta/Documenti/SSDS/assignment_gamma/lapo/incRam/inc.vhd" into library work
Parsing entity <inc>.
Parsing architecture <Behavioral> of entity <inc>.
Parsing VHDL file "/home/cipolletta/Documenti/SSDS/assignment_gamma/lapo/incRam/down_timer.vhd" into library work
Parsing entity <down_timer>.
Parsing architecture <Behavioral> of entity <down_timer>.
Parsing VHDL file "/home/cipolletta/Documenti/SSDS/assignment_gamma/lapo/incRam/down_counter_genric.vhd" into library work
Parsing entity <down_counter_generic>.
Parsing architecture <Behavioral> of entity <down_counter_generic>.
Parsing VHDL file "/home/cipolletta/Documenti/SSDS/assignment_gamma/lapo/incRam/DP.vhd" into library work
Parsing entity <DP>.
Parsing architecture <structural> of entity <dp>.
Parsing VHDL file "/home/cipolletta/Documenti/SSDS/assignment_gamma/lapo/incRam/CU.vhd" into library work
Parsing entity <CU>.
Parsing architecture <Behavioral> of entity <cu>.
Parsing VHDL file "/home/cipolletta/Documenti/SSDS/assignment_gamma/lapo/incRam/controllerB.vhd" into library work
Parsing entity <controllerB>.
Parsing architecture <Behavioral> of entity <controllerb>.
Parsing VHDL file "/home/cipolletta/Documenti/SSDS/assignment_gamma/lapo/incRam/load_reg_N.vhd" into library work
Parsing entity <load_reg_N>.
Parsing architecture <Behavioral> of entity <load_reg_n>.
Parsing VHDL file "/home/cipolletta/Documenti/SSDS/assignment_gamma/lapo/incRam/incRam.vhd" into library work
Parsing entity <incRam>.
Parsing architecture <Behavioral> of entity <incram>.
Parsing VHDL file "/home/cipolletta/Documenti/SSDS/assignment_gamma/lapo/incRam/D_FF.vhd" into library work
Parsing entity <D_FF>.
Parsing architecture <Behavioral> of entity <d_ff>.
Parsing VHDL file "/home/cipolletta/Documenti/SSDS/assignment_gamma/lapo/incRam/LAPO.vhd" into library work
Parsing entity <LAPO>.
Parsing architecture <Behavioral> of entity <lapo>.

=========================================================================
*                            HDL Elaboration                            *
=========================================================================

Elaborating entity <LAPO> (architecture <Behavioral>) with generics from library <work>.

Elaborating entity <load_reg_N> (architecture <Behavioral>) with generics from library <work>.

Elaborating entity <D_FF> (architecture <Behavioral>) from library <work>.

Elaborating entity <LUT_rom_2> (architecture <LUT_rom_2_a>) from library <work>.

Elaborating entity <incRam> (architecture <Behavioral>) with generics from library <work>.

Elaborating entity <DP> (architecture <structural>) with generics from library <work>.

Elaborating entity <ram> (architecture <ram_a>) from library <work>.

Elaborating entity <mux2_parallelism> (architecture <Behavioral>) with generics from library <work>.

Elaborating entity <mux2_parallelism> (architecture <Behavioral>) with generics from library <work>.

Elaborating entity <down_counter_generic> (architecture <Behavioral>) with generics from library <work>.

Elaborating entity <down_timer> (architecture <Behavioral>) with generics from library <work>.

Elaborating entity <inc> (architecture <Behavioral>) from library <work>.

Elaborating entity <CU> (architecture <Behavioral>) from library <work>.
INFO:HDLCompiler:679 - "/home/cipolletta/Documenti/SSDS/assignment_gamma/lapo/incRam/CU.vhd" Line 87. Case statement is complete. others clause is never selected

Elaborating entity <controllerB> (architecture <Behavioral>) from library <work>.
INFO:HDLCompiler:679 - "/home/cipolletta/Documenti/SSDS/assignment_gamma/lapo/incRam/controllerB.vhd" Line 75. Case statement is complete. others clause is never selected
WARNING:Xst:2972 - "/home/cipolletta/Documenti/SSDS/assignment_gamma/lapo/incRam/LAPO.vhd" line 108. All outputs of instance <addres_reg> of block <load_reg_N> are unconnected in block <LAPO>. Underlying logic will be removed.
WARNING:Xst:2972 - "/home/cipolletta/Documenti/SSDS/assignment_gamma/lapo/incRam/LAPO.vhd" line 117. All outputs of instance <control_reg> of block <D_FF> are unconnected in block <LAPO>. Underlying logic will be removed.

=========================================================================
*                           HDL Synthesis                               *
=========================================================================

Synthesizing Unit <LAPO>.
    Related source file is "/home/cipolletta/Documenti/SSDS/assignment_gamma/lapo/incRam/LAPO.vhd".
        data_dimension = 64
        address_dimension = 64
        bit_groups = 7
INFO:Xst:3210 - "/home/cipolletta/Documenti/SSDS/assignment_gamma/lapo/incRam/LAPO.vhd" line 108: Output port <Q> of the instance <addres_reg> is unconnected or connected to loadless signal.
INFO:Xst:3210 - "/home/cipolletta/Documenti/SSDS/assignment_gamma/lapo/incRam/LAPO.vhd" line 117: Output port <q> of the instance <control_reg> is unconnected or connected to loadless signal.
    Summary:
	no macro.
Unit <LAPO> synthesized.

Synthesizing Unit <load_reg_N>.
    Related source file is "/home/cipolletta/Documenti/SSDS/assignment_gamma/lapo/incRam/load_reg_N.vhd".
        N = 64
    Found 64-bit register for signal <int_reg>.
    Summary:
	inferred  64 D-type flip-flop(s).
Unit <load_reg_N> synthesized.

Synthesizing Unit <D_FF>.
    Related source file is "/home/cipolletta/Documenti/SSDS/assignment_gamma/lapo/incRam/D_FF.vhd".
    Found 1-bit register for signal <int>.
    Summary:
	inferred   1 D-type flip-flop(s).
Unit <D_FF> synthesized.

Synthesizing Unit <incRam>.
    Related source file is "/home/cipolletta/Documenti/SSDS/assignment_gamma/lapo/incRam/incRam.vhd".
        bit_groups = 7
    Summary:
	no macro.
Unit <incRam> synthesized.

Synthesizing Unit <DP>.
    Related source file is "/home/cipolletta/Documenti/SSDS/assignment_gamma/lapo/incRam/DP.vhd".
        bit_groups = 7
    Found 7-bit comparator equal for signal <cmp_addr_s> created at line 120
    Summary:
	inferred   1 Comparator(s).
Unit <DP> synthesized.

Synthesizing Unit <mux2_parallelism_1>.
    Related source file is "/home/cipolletta/Documenti/SSDS/assignment_gamma/lapo/incRam/mux2_parallelism.vhd".
        parallelism = 7
    Summary:
	inferred   1 Multiplexer(s).
Unit <mux2_parallelism_1> synthesized.

Synthesizing Unit <mux2_parallelism_2>.
    Related source file is "/home/cipolletta/Documenti/SSDS/assignment_gamma/lapo/incRam/mux2_parallelism.vhd".
        parallelism = 16
    Summary:
	inferred   1 Multiplexer(s).
Unit <mux2_parallelism_2> synthesized.

Synthesizing Unit <down_counter_generic>.
    Related source file is "/home/cipolletta/Documenti/SSDS/assignment_gamma/lapo/incRam/down_counter_genric.vhd".
        parallelism = 7
    Found 7-bit register for signal <value>.
    Found 7-bit subtractor for signal <GND_16_o_GND_16_o_sub_3_OUT<6:0>> created at line 31.
    Summary:
	inferred   1 Adder/Subtractor(s).
	inferred   7 D-type flip-flop(s).
Unit <down_counter_generic> synthesized.

Synthesizing Unit <down_timer>.
    Related source file is "/home/cipolletta/Documenti/SSDS/assignment_gamma/lapo/incRam/down_timer.vhd".
        parallelism = 3
    Found 3-bit register for signal <value>.
    Found 3-bit subtractor for signal <GND_18_o_GND_18_o_sub_2_OUT<2:0>> created at line 27.
    Summary:
	inferred   1 Adder/Subtractor(s).
	inferred   3 D-type flip-flop(s).
Unit <down_timer> synthesized.

Synthesizing Unit <inc>.
    Related source file is "/home/cipolletta/Documenti/SSDS/assignment_gamma/lapo/incRam/inc.vhd".
    Found 16-bit adder for signal <z> created at line 17.
    Summary:
	inferred   1 Adder/Subtractor(s).
Unit <inc> synthesized.

Synthesizing Unit <CU>.
    Related source file is "/home/cipolletta/Documenti/SSDS/assignment_gamma/lapo/incRam/CU.vhd".
    Found 2-bit register for signal <current_state>.
    Found finite state machine <FSM_0> for signal <current_state>.
    -----------------------------------------------------------------------
    | States             | 4                                              |
    | Transitions        | 10                                             |
    | Inputs             | 4                                              |
    | Outputs            | 3                                              |
    | Clock              | clk (rising_edge)                              |
    | Reset              | rst_n (negative)                               |
    | Reset type         | asynchronous                                   |
    | Reset State        | idle                                           |
    | Power Up State     | idle                                           |
    | Encoding           | auto                                           |
    | Implementation     | LUT                                            |
    -----------------------------------------------------------------------
    Summary:
	inferred   1 Finite State Machine(s).
Unit <CU> synthesized.

Synthesizing Unit <controllerB>.
    Related source file is "/home/cipolletta/Documenti/SSDS/assignment_gamma/lapo/incRam/controllerB.vhd".
    Found 2-bit register for signal <current_state>.
    Found finite state machine <FSM_1> for signal <current_state>.
    -----------------------------------------------------------------------
    | States             | 3                                              |
    | Transitions        | 5                                              |
    | Inputs             | 2                                              |
    | Outputs            | 2                                              |
    | Clock              | clk (rising_edge)                              |
    | Reset              | rst_n (negative)                               |
    | Reset type         | asynchronous                                   |
    | Reset State        | check                                          |
    | Power Up State     | check                                          |
    | Encoding           | auto                                           |
    | Implementation     | LUT                                            |
    -----------------------------------------------------------------------
    Summary:
	inferred   2 Multiplexer(s).
	inferred   1 Finite State Machine(s).
Unit <controllerB> synthesized.

=========================================================================
HDL Synthesis Report

Macro Statistics
# Adders/Subtractors                                   : 3
 16-bit adder                                          : 1
 3-bit subtractor                                      : 1
 7-bit subtractor                                      : 1
# Registers                                            : 5
 1-bit register                                        : 2
 3-bit register                                        : 1
 64-bit register                                       : 1
 7-bit register                                        : 1
# Comparators                                          : 1
 7-bit comparator equal                                : 1
# Multiplexers                                         : 4
 1-bit 2-to-1 multiplexer                              : 2
 16-bit 2-to-1 multiplexer                             : 1
 7-bit 2-to-1 multiplexer                              : 1
# FSMs                                                 : 2

=========================================================================

=========================================================================
*                       Advanced HDL Synthesis                          *
=========================================================================

Reading core <ipcore_dir/LUT_rom_2.ngc>.
Reading core <ipcore_dir/ram.ngc>.
Loading core <LUT_rom_2> for timing and area information for instance <LUT>.
Loading core <ram> for timing and area information for instance <MEM>.
WARNING:Xst:2677 - Node <int_reg_0> of sequential type is unconnected in block <data_reg>.
WARNING:Xst:2677 - Node <int_reg_1> of sequential type is unconnected in block <data_reg>.
WARNING:Xst:2677 - Node <int_reg_2> of sequential type is unconnected in block <data_reg>.
WARNING:Xst:2677 - Node <int_reg_3> of sequential type is unconnected in block <data_reg>.
WARNING:Xst:2677 - Node <int_reg_4> of sequential type is unconnected in block <data_reg>.
WARNING:Xst:2677 - Node <int_reg_5> of sequential type is unconnected in block <data_reg>.
WARNING:Xst:2677 - Node <int_reg_6> of sequential type is unconnected in block <data_reg>.
WARNING:Xst:2677 - Node <int_reg_7> of sequential type is unconnected in block <data_reg>.
WARNING:Xst:2677 - Node <int_reg_8> of sequential type is unconnected in block <data_reg>.
WARNING:Xst:2677 - Node <int_reg_9> of sequential type is unconnected in block <data_reg>.
WARNING:Xst:2677 - Node <int_reg_10> of sequential type is unconnected in block <data_reg>.
WARNING:Xst:2677 - Node <int_reg_11> of sequential type is unconnected in block <data_reg>.
WARNING:Xst:2677 - Node <int_reg_12> of sequential type is unconnected in block <data_reg>.
WARNING:Xst:2677 - Node <int_reg_13> of sequential type is unconnected in block <data_reg>.
WARNING:Xst:2677 - Node <int_reg_14> of sequential type is unconnected in block <data_reg>.
WARNING:Xst:2677 - Node <int_reg_15> of sequential type is unconnected in block <data_reg>.
WARNING:Xst:2677 - Node <int_reg_16> of sequential type is unconnected in block <data_reg>.
WARNING:Xst:2677 - Node <int_reg_17> of sequential type is unconnected in block <data_reg>.
WARNING:Xst:2677 - Node <int_reg_18> of sequential type is unconnected in block <data_reg>.
WARNING:Xst:2677 - Node <int_reg_19> of sequential type is unconnected in block <data_reg>.
WARNING:Xst:2677 - Node <int_reg_20> of sequential type is unconnected in block <data_reg>.
WARNING:Xst:2677 - Node <int_reg_28> of sequential type is unconnected in block <data_reg>.
WARNING:Xst:2677 - Node <int_reg_29> of sequential type is unconnected in block <data_reg>.
WARNING:Xst:2677 - Node <int_reg_30> of sequential type is unconnected in block <data_reg>.
WARNING:Xst:2677 - Node <int_reg_31> of sequential type is unconnected in block <data_reg>.
WARNING:Xst:2677 - Node <int_reg_32> of sequential type is unconnected in block <data_reg>.
WARNING:Xst:2677 - Node <int_reg_33> of sequential type is unconnected in block <data_reg>.
WARNING:Xst:2677 - Node <int_reg_34> of sequential type is unconnected in block <data_reg>.
WARNING:Xst:2677 - Node <int_reg_35> of sequential type is unconnected in block <data_reg>.
WARNING:Xst:2677 - Node <int_reg_36> of sequential type is unconnected in block <data_reg>.
WARNING:Xst:2677 - Node <int_reg_37> of sequential type is unconnected in block <data_reg>.
WARNING:Xst:2677 - Node <int_reg_38> of sequential type is unconnected in block <data_reg>.
WARNING:Xst:2677 - Node <int_reg_39> of sequential type is unconnected in block <data_reg>.
WARNING:Xst:2677 - Node <int_reg_40> of sequential type is unconnected in block <data_reg>.
WARNING:Xst:2677 - Node <int_reg_41> of sequential type is unconnected in block <data_reg>.
WARNING:Xst:2677 - Node <int_reg_42> of sequential type is unconnected in block <data_reg>.
WARNING:Xst:2677 - Node <int_reg_43> of sequential type is unconnected in block <data_reg>.
WARNING:Xst:2677 - Node <int_reg_44> of sequential type is unconnected in block <data_reg>.
WARNING:Xst:2677 - Node <int_reg_45> of sequential type is unconnected in block <data_reg>.
WARNING:Xst:2677 - Node <int_reg_46> of sequential type is unconnected in block <data_reg>.
WARNING:Xst:2677 - Node <int_reg_47> of sequential type is unconnected in block <data_reg>.
WARNING:Xst:2677 - Node <int_reg_48> of sequential type is unconnected in block <data_reg>.
WARNING:Xst:2677 - Node <int_reg_49> of sequential type is unconnected in block <data_reg>.
WARNING:Xst:2677 - Node <int_reg_50> of sequential type is unconnected in block <data_reg>.
WARNING:Xst:2677 - Node <int_reg_51> of sequential type is unconnected in block <data_reg>.
WARNING:Xst:2677 - Node <int_reg_52> of sequential type is unconnected in block <data_reg>.
WARNING:Xst:2677 - Node <int_reg_53> of sequential type is unconnected in block <data_reg>.
WARNING:Xst:2677 - Node <int_reg_54> of sequential type is unconnected in block <data_reg>.
WARNING:Xst:2677 - Node <int_reg_55> of sequential type is unconnected in block <data_reg>.
WARNING:Xst:2677 - Node <int_reg_56> of sequential type is unconnected in block <data_reg>.
WARNING:Xst:2677 - Node <int_reg_57> of sequential type is unconnected in block <data_reg>.
WARNING:Xst:2677 - Node <int_reg_58> of sequential type is unconnected in block <data_reg>.
WARNING:Xst:2677 - Node <int_reg_59> of sequential type is unconnected in block <data_reg>.
WARNING:Xst:2677 - Node <int_reg_60> of sequential type is unconnected in block <data_reg>.
WARNING:Xst:2677 - Node <int_reg_61> of sequential type is unconnected in block <data_reg>.
WARNING:Xst:2677 - Node <int_reg_62> of sequential type is unconnected in block <data_reg>.
WARNING:Xst:2677 - Node <int_reg_63> of sequential type is unconnected in block <data_reg>.

Synthesizing (advanced) Unit <down_counter_generic>.
The following registers are absorbed into counter <value>: 1 register on signal <value>.
Unit <down_counter_generic> synthesized (advanced).

Synthesizing (advanced) Unit <down_timer>.
The following registers are absorbed into counter <value>: 1 register on signal <value>.
Unit <down_timer> synthesized (advanced).

=========================================================================
Advanced HDL Synthesis Report

Macro Statistics
# Adders/Subtractors                                   : 1
 16-bit adder                                          : 1
# Counters                                             : 2
 3-bit down counter                                    : 1
 7-bit down counter                                    : 1
# Registers                                            : 66
 Flip-Flops                                            : 66
# Comparators                                          : 1
 7-bit comparator equal                                : 1
# Multiplexers                                         : 4
 1-bit 2-to-1 multiplexer                              : 2
 16-bit 2-to-1 multiplexer                             : 1
 7-bit 2-to-1 multiplexer                              : 1
# FSMs                                                 : 2

=========================================================================

=========================================================================
*                         Low Level Synthesis                           *
=========================================================================
Analyzing FSM <MFsm> for best encoding.
Optimizing FSM <FSM_0> on signal <current_state[1:2]> with sequential encoding.
-------------------
 State | Encoding
-------------------
 idle  | 00
 rd    | 01
 wr    | 11
 ini   | 10
-------------------
Analyzing FSM <MFsm> for best encoding.
Optimizing FSM <FSM_1> on signal <current_state[1:2]> with user encoding.
-----------------------
 State     | Encoding
-----------------------
 check     | 00
 discarded | 01
 committed | 10
-----------------------

Optimizing unit <LAPO> ...

Optimizing unit <load_reg_N> ...
WARNING:Xst:2677 - Node <data_reg/int_reg_63> of sequential type is unconnected in block <LAPO>.
WARNING:Xst:2677 - Node <data_reg/int_reg_62> of sequential type is unconnected in block <LAPO>.
WARNING:Xst:2677 - Node <data_reg/int_reg_61> of sequential type is unconnected in block <LAPO>.
WARNING:Xst:2677 - Node <data_reg/int_reg_60> of sequential type is unconnected in block <LAPO>.
WARNING:Xst:2677 - Node <data_reg/int_reg_59> of sequential type is unconnected in block <LAPO>.
WARNING:Xst:2677 - Node <data_reg/int_reg_58> of sequential type is unconnected in block <LAPO>.
WARNING:Xst:2677 - Node <data_reg/int_reg_57> of sequential type is unconnected in block <LAPO>.
WARNING:Xst:2677 - Node <data_reg/int_reg_56> of sequential type is unconnected in block <LAPO>.
WARNING:Xst:2677 - Node <data_reg/int_reg_55> of sequential type is unconnected in block <LAPO>.
WARNING:Xst:2677 - Node <data_reg/int_reg_54> of sequential type is unconnected in block <LAPO>.
WARNING:Xst:2677 - Node <data_reg/int_reg_53> of sequential type is unconnected in block <LAPO>.
WARNING:Xst:2677 - Node <data_reg/int_reg_52> of sequential type is unconnected in block <LAPO>.
WARNING:Xst:2677 - Node <data_reg/int_reg_51> of sequential type is unconnected in block <LAPO>.
WARNING:Xst:2677 - Node <data_reg/int_reg_50> of sequential type is unconnected in block <LAPO>.
WARNING:Xst:2677 - Node <data_reg/int_reg_49> of sequential type is unconnected in block <LAPO>.
WARNING:Xst:2677 - Node <data_reg/int_reg_48> of sequential type is unconnected in block <LAPO>.
WARNING:Xst:2677 - Node <data_reg/int_reg_47> of sequential type is unconnected in block <LAPO>.
WARNING:Xst:2677 - Node <data_reg/int_reg_46> of sequential type is unconnected in block <LAPO>.
WARNING:Xst:2677 - Node <data_reg/int_reg_45> of sequential type is unconnected in block <LAPO>.
WARNING:Xst:2677 - Node <data_reg/int_reg_44> of sequential type is unconnected in block <LAPO>.
WARNING:Xst:2677 - Node <data_reg/int_reg_43> of sequential type is unconnected in block <LAPO>.
WARNING:Xst:2677 - Node <data_reg/int_reg_42> of sequential type is unconnected in block <LAPO>.
WARNING:Xst:2677 - Node <data_reg/int_reg_41> of sequential type is unconnected in block <LAPO>.
WARNING:Xst:2677 - Node <data_reg/int_reg_40> of sequential type is unconnected in block <LAPO>.
WARNING:Xst:2677 - Node <data_reg/int_reg_39> of sequential type is unconnected in block <LAPO>.
WARNING:Xst:2677 - Node <data_reg/int_reg_38> of sequential type is unconnected in block <LAPO>.
WARNING:Xst:2677 - Node <data_reg/int_reg_37> of sequential type is unconnected in block <LAPO>.
WARNING:Xst:2677 - Node <data_reg/int_reg_36> of sequential type is unconnected in block <LAPO>.
WARNING:Xst:2677 - Node <data_reg/int_reg_35> of sequential type is unconnected in block <LAPO>.
WARNING:Xst:2677 - Node <data_reg/int_reg_34> of sequential type is unconnected in block <LAPO>.
WARNING:Xst:2677 - Node <data_reg/int_reg_33> of sequential type is unconnected in block <LAPO>.
WARNING:Xst:2677 - Node <data_reg/int_reg_32> of sequential type is unconnected in block <LAPO>.
WARNING:Xst:2677 - Node <data_reg/int_reg_31> of sequential type is unconnected in block <LAPO>.
WARNING:Xst:2677 - Node <data_reg/int_reg_30> of sequential type is unconnected in block <LAPO>.
WARNING:Xst:2677 - Node <data_reg/int_reg_29> of sequential type is unconnected in block <LAPO>.
WARNING:Xst:2677 - Node <data_reg/int_reg_28> of sequential type is unconnected in block <LAPO>.
WARNING:Xst:2677 - Node <data_reg/int_reg_20> of sequential type is unconnected in block <LAPO>.
WARNING:Xst:2677 - Node <data_reg/int_reg_19> of sequential type is unconnected in block <LAPO>.
WARNING:Xst:2677 - Node <data_reg/int_reg_18> of sequential type is unconnected in block <LAPO>.
WARNING:Xst:2677 - Node <data_reg/int_reg_17> of sequential type is unconnected in block <LAPO>.
WARNING:Xst:2677 - Node <data_reg/int_reg_16> of sequential type is unconnected in block <LAPO>.
WARNING:Xst:2677 - Node <data_reg/int_reg_15> of sequential type is unconnected in block <LAPO>.
WARNING:Xst:2677 - Node <data_reg/int_reg_14> of sequential type is unconnected in block <LAPO>.
WARNING:Xst:2677 - Node <data_reg/int_reg_13> of sequential type is unconnected in block <LAPO>.
WARNING:Xst:2677 - Node <data_reg/int_reg_12> of sequential type is unconnected in block <LAPO>.
WARNING:Xst:2677 - Node <data_reg/int_reg_11> of sequential type is unconnected in block <LAPO>.
WARNING:Xst:2677 - Node <data_reg/int_reg_10> of sequential type is unconnected in block <LAPO>.
WARNING:Xst:2677 - Node <data_reg/int_reg_9> of sequential type is unconnected in block <LAPO>.
WARNING:Xst:2677 - Node <data_reg/int_reg_8> of sequential type is unconnected in block <LAPO>.
WARNING:Xst:2677 - Node <data_reg/int_reg_7> of sequential type is unconnected in block <LAPO>.
WARNING:Xst:2677 - Node <data_reg/int_reg_6> of sequential type is unconnected in block <LAPO>.
WARNING:Xst:2677 - Node <data_reg/int_reg_5> of sequential type is unconnected in block <LAPO>.
WARNING:Xst:2677 - Node <data_reg/int_reg_4> of sequential type is unconnected in block <LAPO>.
WARNING:Xst:2677 - Node <data_reg/int_reg_3> of sequential type is unconnected in block <LAPO>.
WARNING:Xst:2677 - Node <data_reg/int_reg_2> of sequential type is unconnected in block <LAPO>.
WARNING:Xst:2677 - Node <data_reg/int_reg_1> of sequential type is unconnected in block <LAPO>.
WARNING:Xst:2677 - Node <data_reg/int_reg_0> of sequential type is unconnected in block <LAPO>.

Mapping all equations...
Building and optimizing final netlist ...
Found area constraint ratio of 100 (+ 5) on block LAPO, actual ratio is 0.

Final Macro Processing ...

=========================================================================
Final Register Report

Macro Statistics
# Registers                                            : 23
 Flip-Flops                                            : 23

=========================================================================

=========================================================================
*                           Partition Report                            *
=========================================================================

Partition Implementation Status
-------------------------------

  No Partitions were found in this design.

-------------------------------

=========================================================================
*                            Design Summary                             *
=========================================================================

Top Level Output File Name         : LAPO.ngc

Primitive and Black Box Usage:
------------------------------
# BELS                             : 99
#      GND                         : 3
#      INV                         : 4
#      LUT1                        : 14
#      LUT2                        : 8
#      LUT3                        : 18
#      LUT4                        : 8
#      LUT5                        : 4
#      LUT6                        : 7
#      MUXCY                       : 15
#      VCC                         : 2
#      XORCY                       : 16
# FlipFlops/Latches                : 23
#      FDC                         : 8
#      FDCE                        : 7
#      FDP                         : 1
#      FDPE                        : 7
# RAMS                             : 2
#      RAMB18E1                    : 2
# Clock Buffers                    : 1
#      BUFGP                       : 1
# IO Buffers                       : 35
#      IBUF                        : 18
#      OBUF                        : 17

Device utilization summary:
---------------------------

Selected Device : 6vlx75tff484-3 


Slice Logic Utilization: 
 Number of Slice Registers:              23  out of  93120     0%  
 Number of Slice LUTs:                   63  out of  46560     0%  
    Number used as Logic:                63  out of  46560     0%  

Slice Logic Distribution: 
 Number of LUT Flip Flop pairs used:     68
   Number with an unused Flip Flop:      45  out of     68    66%  
   Number with an unused LUT:             5  out of     68     7%  
   Number of fully used LUT-FF pairs:    18  out of     68    26%  
   Number of unique control sets:         4

IO Utilization: 
 Number of IOs:                         158
 Number of bonded IOBs:                  36  out of    240    15%  

Specific Feature Utilization:
 Number of Block RAM/FIFO:                1  out of    156     0%  
    Number using Block RAM only:          1
 Number of BUFG/BUFGCTRLs:                1  out of     32     3%  

---------------------------
Partition Resource Summary:
---------------------------

  No Partitions were found in this design.

---------------------------


=========================================================================
Timing Report

NOTE: THESE TIMING NUMBERS ARE ONLY A SYNTHESIS ESTIMATE.
      FOR ACCURATE TIMING INFORMATION PLEASE REFER TO THE TRACE REPORT
      GENERATED AFTER PLACE-and-ROUTE.

Clock Information:
------------------
-----------------------------------+------------------------+-------+
Clock Signal                       | Clock buffer(FF name)  | Load  |
-----------------------------------+------------------------+-------+
clk                                | BUFGP                  | 25    |
-----------------------------------+------------------------+-------+

Asynchronous Control Signals Information:
----------------------------------------
---------------------------------------------------------+-------------------------------------------------------------------------------------------------------------------------------------------------------------------+-------+
Control Signal                                           | Buffer(FF name)                                                                                                                                                   | Load  |
---------------------------------------------------------+-------------------------------------------------------------------------------------------------------------------------------------------------------------------+-------+
LUT/N1(LUT/XST_GND:G)                                    | NONE(LUT/U0/xst_blk_mem_generator/gnativebmg.native_blk_mem_gen/valid.cstr/ramloop[0].ram.r/v6_init.ram/NO_BMM_INFO.SP.WIDE_PRIM18.ram)                           | 4     |
DebugRam/datapath/MEM/N1(DebugRam/datapath/MEM/XST_GND:G)| NONE(DebugRam/datapath/MEM/U0/xst_blk_mem_generator/gnativebmg.native_blk_mem_gen/valid.cstr/ramloop[0].ram.r/v6_noinit.ram/NO_BMM_INFO.TRUE_DP.SIMPLE_PRIM18.ram)| 2     |
N0(XST_GND:G)                                            | NONE(DebugRam/datapath/MEM/U0/xst_blk_mem_generator/gnativebmg.native_blk_mem_gen/valid.cstr/ramloop[0].ram.r/v6_noinit.ram/NO_BMM_INFO.TRUE_DP.SIMPLE_PRIM18.ram)| 2     |
---------------------------------------------------------+-------------------------------------------------------------------------------------------------------------------------------------------------------------------+-------+

Timing Summary:
---------------
Speed Grade: -3

   Minimum period: 3.852ns (Maximum Frequency: 259.612MHz)
   Minimum input arrival time before clock: 2.012ns
   Maximum output required time after clock: 1.873ns
   Maximum combinational path delay: No path found

Timing Details:
---------------
All values displayed in nanoseconds (ns)

=========================================================================
Timing constraint: Default period analysis for Clock 'clk'
  Clock period: 3.852ns (frequency: 259.612MHz)
  Total number of paths / destination ports: 351 / 79
-------------------------------------------------------------------------
Delay:               3.852ns (Levels of Logic = 19)
  Source:            DebugRam/datapath/MEM/U0/xst_blk_mem_generator/gnativebmg.native_blk_mem_gen/valid.cstr/ramloop[0].ram.r/v6_noinit.ram/NO_BMM_INFO.TRUE_DP.SIMPLE_PRIM18.ram (RAM)
  Destination:       DebugRam/datapath/MEM/U0/xst_blk_mem_generator/gnativebmg.native_blk_mem_gen/valid.cstr/ramloop[0].ram.r/v6_noinit.ram/NO_BMM_INFO.TRUE_DP.SIMPLE_PRIM18.ram (RAM)
  Source Clock:      clk rising
  Destination Clock: clk rising

  Data Path: DebugRam/datapath/MEM/U0/xst_blk_mem_generator/gnativebmg.native_blk_mem_gen/valid.cstr/ramloop[0].ram.r/v6_noinit.ram/NO_BMM_INFO.TRUE_DP.SIMPLE_PRIM18.ram to DebugRam/datapath/MEM/U0/xst_blk_mem_generator/gnativebmg.native_blk_mem_gen/valid.cstr/ramloop[0].ram.r/v6_noinit.ram/NO_BMM_INFO.TRUE_DP.SIMPLE_PRIM18.ram
                                Gate     Net
    Cell:in->out      fanout   Delay   Delay  Logical Name (Net Name)
    ----------------------------------------  ------------
     RAMB18E1:CLKARDCLK->DOADO0    1   1.591   0.279  U0/xst_blk_mem_generator/gnativebmg.native_blk_mem_gen/valid.cstr/ramloop[0].ram.r/v6_noinit.ram/NO_BMM_INFO.TRUE_DP.SIMPLE_PRIM18.ram (douta<0>)
     end scope: 'DebugRam/datapath/MEM:douta<0>'
     INV:I->O              1   0.070   0.000  DebugRam/datapath/INKER/Madd_z_lut<0>_INV_0 (DebugRam/datapath/INKER/Madd_z_lut<0>)
     MUXCY:S->O            1   0.219   0.000  DebugRam/datapath/INKER/Madd_z_cy<0> (DebugRam/datapath/INKER/Madd_z_cy<0>)
     MUXCY:CI->O           1   0.015   0.000  DebugRam/datapath/INKER/Madd_z_cy<1> (DebugRam/datapath/INKER/Madd_z_cy<1>)
     MUXCY:CI->O           1   0.015   0.000  DebugRam/datapath/INKER/Madd_z_cy<2> (DebugRam/datapath/INKER/Madd_z_cy<2>)
     MUXCY:CI->O           1   0.015   0.000  DebugRam/datapath/INKER/Madd_z_cy<3> (DebugRam/datapath/INKER/Madd_z_cy<3>)
     MUXCY:CI->O           1   0.015   0.000  DebugRam/datapath/INKER/Madd_z_cy<4> (DebugRam/datapath/INKER/Madd_z_cy<4>)
     MUXCY:CI->O           1   0.015   0.000  DebugRam/datapath/INKER/Madd_z_cy<5> (DebugRam/datapath/INKER/Madd_z_cy<5>)
     MUXCY:CI->O           1   0.015   0.000  DebugRam/datapath/INKER/Madd_z_cy<6> (DebugRam/datapath/INKER/Madd_z_cy<6>)
     MUXCY:CI->O           1   0.015   0.000  DebugRam/datapath/INKER/Madd_z_cy<7> (DebugRam/datapath/INKER/Madd_z_cy<7>)
     MUXCY:CI->O           1   0.015   0.000  DebugRam/datapath/INKER/Madd_z_cy<8> (DebugRam/datapath/INKER/Madd_z_cy<8>)
     MUXCY:CI->O           1   0.015   0.000  DebugRam/datapath/INKER/Madd_z_cy<9> (DebugRam/datapath/INKER/Madd_z_cy<9>)
     MUXCY:CI->O           1   0.015   0.000  DebugRam/datapath/INKER/Madd_z_cy<10> (DebugRam/datapath/INKER/Madd_z_cy<10>)
     MUXCY:CI->O           1   0.015   0.000  DebugRam/datapath/INKER/Madd_z_cy<11> (DebugRam/datapath/INKER/Madd_z_cy<11>)
     MUXCY:CI->O           1   0.015   0.000  DebugRam/datapath/INKER/Madd_z_cy<12> (DebugRam/datapath/INKER/Madd_z_cy<12>)
     MUXCY:CI->O           1   0.015   0.000  DebugRam/datapath/INKER/Madd_z_cy<13> (DebugRam/datapath/INKER/Madd_z_cy<13>)
     MUXCY:CI->O           0   0.015   0.000  DebugRam/datapath/INKER/Madd_z_cy<14> (DebugRam/datapath/INKER/Madd_z_cy<14>)
     XORCY:CI->O           1   0.180   0.296  DebugRam/datapath/INKER/Madd_z_xor<15> (DebugRam/datapath/inc_out_s<15>)
     LUT3:I2->O            1   0.053   0.279  DebugRam/datapath/MUX_DATA/Mmux_z71 (DebugRam/datapath/dina_s<15>)
     begin scope: 'DebugRam/datapath/MEM:dina<15>'
     RAMB18E1:DIADI15          0.674          U0/xst_blk_mem_generator/gnativebmg.native_blk_mem_gen/valid.cstr/ramloop[0].ram.r/v6_noinit.ram/NO_BMM_INFO.TRUE_DP.SIMPLE_PRIM18.ram
    ----------------------------------------
    Total                      3.852ns (2.997ns logic, 0.855ns route)
                                       (77.8% logic, 22.2% route)

=========================================================================
Timing constraint: Default OFFSET IN BEFORE for Clock 'clk'
  Total number of paths / destination ports: 54 / 33
-------------------------------------------------------------------------
Offset:              2.012ns (Levels of Logic = 5)
  Source:            debug_address<6> (PAD)
  Destination:       DebugRam/datapath/MEM/U0/xst_blk_mem_generator/gnativebmg.native_blk_mem_gen/valid.cstr/ramloop[0].ram.r/v6_noinit.ram/NO_BMM_INFO.TRUE_DP.SIMPLE_PRIM18.ram (RAM)
  Destination Clock: clk rising

  Data Path: debug_address<6> to DebugRam/datapath/MEM/U0/xst_blk_mem_generator/gnativebmg.native_blk_mem_gen/valid.cstr/ramloop[0].ram.r/v6_noinit.ram/NO_BMM_INFO.TRUE_DP.SIMPLE_PRIM18.ram
                                Gate     Net
    Cell:in->out      fanout   Delay   Delay  Logical Name (Net Name)
    ----------------------------------------  ------------
     IBUF:I->O             2   0.003   0.599  debug_address_6_IBUF (debug_address_6_IBUF)
     LUT6:I0->O            1   0.053   0.357  DebugRam/cuB/init_in_progress_wea_OR_9_o42 (DebugRam/cuB/init_in_progress_wea_OR_9_o42)
     LUT5:I3->O            2   0.053   0.300  DebugRam/cuB/init_in_progress_wea_OR_9_o43 (DebugRam/cuB/init_in_progress_wea_OR_9_o4)
     LUT5:I4->O            2   0.053   0.284  DebugRam/cuB/current_state_FSM_FFd1-In1 (DebugRam/cuB/current_state_FSM_FFd1-In)
     begin scope: 'DebugRam/datapath/MEM:enb'
     RAMB18E1:ENBWREN          0.310          U0/xst_blk_mem_generator/gnativebmg.native_blk_mem_gen/valid.cstr/ramloop[0].ram.r/v6_noinit.ram/NO_BMM_INFO.TRUE_DP.SIMPLE_PRIM18.ram
    ----------------------------------------
    Total                      2.012ns (0.472ns logic, 1.540ns route)
                                       (23.5% logic, 76.5% route)

=========================================================================
Timing constraint: Default OFFSET OUT AFTER for Clock 'clk'
  Total number of paths / destination ports: 17 / 17
-------------------------------------------------------------------------
Offset:              1.873ns (Levels of Logic = 2)
  Source:            DebugRam/datapath/MEM/U0/xst_blk_mem_generator/gnativebmg.native_blk_mem_gen/valid.cstr/ramloop[0].ram.r/v6_noinit.ram/NO_BMM_INFO.TRUE_DP.SIMPLE_PRIM18.ram (RAM)
  Destination:       debug_data<15> (PAD)
  Source Clock:      clk rising

  Data Path: DebugRam/datapath/MEM/U0/xst_blk_mem_generator/gnativebmg.native_blk_mem_gen/valid.cstr/ramloop[0].ram.r/v6_noinit.ram/NO_BMM_INFO.TRUE_DP.SIMPLE_PRIM18.ram to debug_data<15>
                                Gate     Net
    Cell:in->out      fanout   Delay   Delay  Logical Name (Net Name)
    ----------------------------------------  ------------
     RAMB18E1:CLKARDCLK->DOBDO15    1   1.591   0.279  U0/xst_blk_mem_generator/gnativebmg.native_blk_mem_gen/valid.cstr/ramloop[0].ram.r/v6_noinit.ram/NO_BMM_INFO.TRUE_DP.SIMPLE_PRIM18.ram (doutb<15>)
     end scope: 'DebugRam/datapath/MEM:doutb<15>'
     OBUF:I->O                 0.003          debug_data_15_OBUF (debug_data<15>)
    ----------------------------------------
    Total                      1.873ns (1.594ns logic, 0.279ns route)
                                       (85.1% logic, 14.9% route)

=========================================================================

Cross Clock Domains Report:
--------------------------

Clock to Setup on destination clock clk
---------------+---------+---------+---------+---------+
               | Src:Rise| Src:Fall| Src:Rise| Src:Fall|
Source Clock   |Dest:Rise|Dest:Rise|Dest:Fall|Dest:Fall|
---------------+---------+---------+---------+---------+
clk            |    3.852|         |         |         |
---------------+---------+---------+---------+---------+

=========================================================================


Total REAL time to Xst completion: 6.00 secs
Total CPU time to Xst completion: 6.25 secs
 
--> 


Total memory usage is 429544 kilobytes

Number of errors   :    0 (   0 filtered)
Number of warnings :  116 (   0 filtered)
Number of infos    :    2 (   0 filtered)

