Release 14.7 - xst P.20131013 (lin64)
Copyright (c) 1995-2013 Xilinx, Inc.  All rights reserved.
--> 
Parameter TMPDIR set to xst/projnav.tmp


Total REAL time to Xst completion: 0.00 secs
Total CPU time to Xst completion: 0.09 secs
 
--> 
Parameter xsthdpdir set to xst


Total REAL time to Xst completion: 0.00 secs
Total CPU time to Xst completion: 0.09 secs
 
--> 
Reading design: MISR.prj

TABLE OF CONTENTS
  1) Synthesis Options Summary
  2) HDL Parsing
  3) HDL Elaboration
  4) HDL Synthesis
       4.1) HDL Synthesis Report
  5) Advanced HDL Synthesis
       5.1) Advanced HDL Synthesis Report
  6) Low Level Synthesis
  7) Partition Report
  8) Design Summary
       8.1) Primitive and Black Box Usage
       8.2) Device utilization summary
       8.3) Partition Resource Summary
       8.4) Timing Report
            8.4.1) Clock Information
            8.4.2) Asynchronous Control Signals Information
            8.4.3) Timing Summary
            8.4.4) Timing Details
            8.4.5) Cross Clock Domains Report


=========================================================================
*                      Synthesis Options Summary                        *
=========================================================================
---- Source Parameters
Input File Name                    : "MISR.prj"
Ignore Synthesis Constraint File   : NO

---- Target Parameters
Output File Name                   : "MISR"
Output Format                      : NGC
Target Device                      : xc6vlx75t-3-ff484

---- Source Options
Top Module Name                    : MISR
Automatic FSM Extraction           : YES
FSM Encoding Algorithm             : Auto
Safe Implementation                : No
FSM Style                          : LUT
RAM Extraction                     : Yes
RAM Style                          : Auto
ROM Extraction                     : Yes
Shift Register Extraction          : YES
ROM Style                          : Auto
Resource Sharing                   : YES
Asynchronous To Synchronous        : NO
Shift Register Minimum Size        : 2
Use DSP Block                      : Auto
Automatic Register Balancing       : No

---- Target Options
LUT Combining                      : Auto
Reduce Control Sets                : Auto
Add IO Buffers                     : YES
Global Maximum Fanout              : 100000
Add Generic Clock Buffer(BUFG)     : 32
Register Duplication               : YES
Optimize Instantiated Primitives   : NO
Use Clock Enable                   : Auto
Use Synchronous Set                : Auto
Use Synchronous Reset              : Auto
Pack IO Registers into IOBs        : Auto
Equivalent register Removal        : YES

---- General Options
Optimization Goal                  : Speed
Optimization Effort                : 2
Power Reduction                    : NO
Keep Hierarchy                     : No
Netlist Hierarchy                  : As_Optimized
RTL Output                         : Yes
Global Optimization                : AllClockNets
Read Cores                         : YES
Write Timing Constraints           : NO
Cross Clock Analysis               : NO
Hierarchy Separator                : /
Bus Delimiter                      : <>
Case Specifier                     : Maintain
Slice Utilization Ratio            : 100
BRAM Utilization Ratio             : 100
DSP48 Utilization Ratio            : 100
Auto BRAM Packing                  : NO
Slice Utilization Ratio Delta      : 5

---- Other Options
Cores Search Directories           : {"ipcore_dir"  }

=========================================================================


=========================================================================
*                          HDL Parsing                                  *
=========================================================================
Parsing VHDL file "/home/brb/lapo/incRam/D_FF.vhd" into library work
Parsing entity <D_FF>.
Parsing architecture <Behavioral> of entity <d_ff>.
Parsing VHDL file "/home/brb/lapo/incRam/MISR.vhd" into library work
Parsing entity <MISR>.
Parsing architecture <Behavioral> of entity <misr>.

=========================================================================
*                            HDL Elaboration                            *
=========================================================================

Elaborating entity <MISR> (architecture <Behavioral>) from library <work>.

Elaborating entity <D_FF> (architecture <Behavioral>) from library <work>.

=========================================================================
*                           HDL Synthesis                               *
=========================================================================

Synthesizing Unit <MISR>.
    Related source file is "/home/brb/lapo/incRam/MISR.vhd".
    Summary:
Unit <MISR> synthesized.

Synthesizing Unit <D_FF>.
    Related source file is "/home/brb/lapo/incRam/D_FF.vhd".
    Found 1-bit register for signal <int>.
    Summary:
	inferred   1 D-type flip-flop(s).
Unit <D_FF> synthesized.

=========================================================================
HDL Synthesis Report

Macro Statistics
# Registers                                            : 129
 1-bit register                                        : 129
# Xors                                                 : 193
 1-bit xor2                                            : 193

=========================================================================

=========================================================================
*                       Advanced HDL Synthesis                          *
=========================================================================


=========================================================================
Advanced HDL Synthesis Report

Macro Statistics
# Registers                                            : 129
 Flip-Flops                                            : 129
# Xors                                                 : 193
 1-bit xor2                                            : 193

=========================================================================

=========================================================================
*                         Low Level Synthesis                           *
=========================================================================

Optimizing unit <MISR> ...

Mapping all equations...
Building and optimizing final netlist ...
Found area constraint ratio of 100 (+ 5) on block MISR, actual ratio is 0.

Final Macro Processing ...

=========================================================================
Final Register Report

Macro Statistics
# Registers                                            : 129
 Flip-Flops                                            : 129

=========================================================================

=========================================================================
*                           Partition Report                            *
=========================================================================

Partition Implementation Status
-------------------------------

  No Partitions were found in this design.

-------------------------------

=========================================================================
*                            Design Summary                             *
=========================================================================

Top Level Output File Name         : MISR.ngc

Primitive and Black Box Usage:
------------------------------
# BELS                             : 130
#      INV                         : 1
#      LUT2                        : 65
#      LUT3                        : 64
# FlipFlops/Latches                : 129
#      FDC                         : 129
# Clock Buffers                    : 1
#      BUFGP                       : 1
# IO Buffers                       : 259
#      IBUF                        : 130
#      OBUF                        : 129

Device utilization summary:
---------------------------

Selected Device : 6vlx75tff484-3 


Slice Logic Utilization: 
 Number of Slice Registers:             129  out of  93120     0%  
 Number of Slice LUTs:                  130  out of  46560     0%  
    Number used as Logic:               130  out of  46560     0%  

Slice Logic Distribution: 
 Number of LUT Flip Flop pairs used:    130
   Number with an unused Flip Flop:       1  out of    130     0%  
   Number with an unused LUT:             0  out of    130     0%  
   Number of fully used LUT-FF pairs:   129  out of    130    99%  
   Number of unique control sets:         1

IO Utilization: 
 Number of IOs:                         260
 Number of bonded IOBs:                 260  out of    240   108% (*) 

Specific Feature Utilization:
 Number of BUFG/BUFGCTRLs:                1  out of     32     3%  

WARNING:Xst:1336 -  (*) More than 100% of Device resources are used

---------------------------
Partition Resource Summary:
---------------------------

  No Partitions were found in this design.

---------------------------


=========================================================================
Timing Report

NOTE: THESE TIMING NUMBERS ARE ONLY A SYNTHESIS ESTIMATE.
      FOR ACCURATE TIMING INFORMATION PLEASE REFER TO THE TRACE REPORT
      GENERATED AFTER PLACE-and-ROUTE.

Clock Information:
------------------
-----------------------------------+------------------------+-------+
Clock Signal                       | Clock buffer(FF name)  | Load  |
-----------------------------------+------------------------+-------+
clk                                | BUFGP                  | 129   |
-----------------------------------+------------------------+-------+

Asynchronous Control Signals Information:
----------------------------------------
No asynchronous control signals found in this design

Timing Summary:
---------------
Speed Grade: -3

   Minimum period: 0.741ns (Maximum Frequency: 1349.011MHz)
   Minimum input arrival time before clock: 1.073ns
   Maximum output required time after clock: 0.674ns
   Maximum combinational path delay: No path found

Timing Details:
---------------
All values displayed in nanoseconds (ns)

=========================================================================
Timing constraint: Default period analysis for Clock 'clk'
  Clock period: 0.741ns (frequency: 1349.011MHz)
  Total number of paths / destination ports: 193 / 129
-------------------------------------------------------------------------
Delay:               0.741ns (Levels of Logic = 1)
  Source:            G[128].GE.ff_e/int (FF)
  Destination:       G[128].GE.ff_e/int (FF)
  Source Clock:      clk rising
  Destination Clock: clk rising

  Data Path: G[128].GE.ff_e/int to G[128].GE.ff_e/int
                                Gate     Net
    Cell:in->out      fanout   Delay   Delay  Logical Name (Net Name)
    ----------------------------------------  ------------
     FDC:C->Q             66   0.280   0.408  G[128].GE.ff_e/int (G[128].GE.ff_e/int)
     LUT2:I1->O            1   0.053   0.000  Mxor_feedback<0>_xo<0>1 (feedback<0>)
     FDC:D                    -0.012          G[0].G0.ff_0/int
    ----------------------------------------
    Total                      0.741ns (0.333ns logic, 0.408ns route)
                                       (44.9% logic, 55.1% route)

=========================================================================
Timing constraint: Default OFFSET IN BEFORE for Clock 'clk'
  Total number of paths / destination ports: 258 / 258
-------------------------------------------------------------------------
Offset:              1.073ns (Levels of Logic = 2)
  Source:            rst_n (PAD)
  Destination:       G[128].GE.ff_e/int (FF)
  Destination Clock: clk rising

  Data Path: rst_n to G[128].GE.ff_e/int
                                Gate     Net
    Cell:in->out      fanout   Delay   Delay  Logical Name (Net Name)
    ----------------------------------------  ------------
     IBUF:I->O             1   0.003   0.279  rst_n_IBUF (rst_n_IBUF)
     INV:I->O            129   0.070   0.401  G[0].G0.ff_0/rst_n_inv1_INV_0 (G[0].G0.ff_0/rst_n_inv)
     FDC:CLR                   0.320          G[0].G0.ff_0/int
    ----------------------------------------
    Total                      1.073ns (0.393ns logic, 0.680ns route)
                                       (36.6% logic, 63.4% route)

=========================================================================
Timing constraint: Default OFFSET OUT AFTER for Clock 'clk'
  Total number of paths / destination ports: 129 / 129
-------------------------------------------------------------------------
Offset:              0.674ns (Levels of Logic = 1)
  Source:            G[128].GE.ff_e/int (FF)
  Destination:       sign<128> (PAD)
  Source Clock:      clk rising

  Data Path: G[128].GE.ff_e/int to sign<128>
                                Gate     Net
    Cell:in->out      fanout   Delay   Delay  Logical Name (Net Name)
    ----------------------------------------  ------------
     FDC:C->Q             66   0.280   0.391  G[128].GE.ff_e/int (G[128].GE.ff_e/int)
     OBUF:I->O                 0.003          sign_128_OBUF (sign<128>)
    ----------------------------------------
    Total                      0.674ns (0.283ns logic, 0.391ns route)
                                       (42.0% logic, 58.0% route)

=========================================================================

Cross Clock Domains Report:
--------------------------

Clock to Setup on destination clock clk
---------------+---------+---------+---------+---------+
               | Src:Rise| Src:Fall| Src:Rise| Src:Fall|
Source Clock   |Dest:Rise|Dest:Rise|Dest:Fall|Dest:Fall|
---------------+---------+---------+---------+---------+
clk            |    0.741|         |         |         |
---------------+---------+---------+---------+---------+

=========================================================================


Total REAL time to Xst completion: 22.00 secs
Total CPU time to Xst completion: 21.15 secs
 
--> 


Total memory usage is 412552 kilobytes

Number of errors   :    0 (   0 filtered)
Number of warnings :    1 (   0 filtered)
Number of infos    :    0 (   0 filtered)

