Release 14.7 - xst P.20131013 (lin64)
Copyright (c) 1995-2013 Xilinx, Inc.  All rights reserved.
--> 
Parameter TMPDIR set to xst/projnav.tmp


Total REAL time to Xst completion: 0.00 secs
Total CPU time to Xst completion: 0.06 secs
 
--> 
Parameter xsthdpdir set to xst


Total REAL time to Xst completion: 0.00 secs
Total CPU time to Xst completion: 0.06 secs
 
--> 
Reading design: LAPO_toplevel.prj

TABLE OF CONTENTS
  1) Synthesis Options Summary
  2) HDL Parsing
  3) HDL Elaboration
  4) HDL Synthesis
       4.1) HDL Synthesis Report
  5) Advanced HDL Synthesis
       5.1) Advanced HDL Synthesis Report
  6) Low Level Synthesis
  7) Partition Report
  8) Design Summary
       8.1) Primitive and Black Box Usage
       8.2) Device utilization summary
       8.3) Partition Resource Summary
       8.4) Timing Report
            8.4.1) Clock Information
            8.4.2) Asynchronous Control Signals Information
            8.4.3) Timing Summary
            8.4.4) Timing Details
            8.4.5) Cross Clock Domains Report


=========================================================================
*                      Synthesis Options Summary                        *
=========================================================================
---- Source Parameters
Input File Name                    : "LAPO_toplevel.prj"
Ignore Synthesis Constraint File   : NO

---- Target Parameters
Output File Name                   : "LAPO_toplevel"
Output Format                      : NGC
Target Device                      : xc6vlx75t-3-ff484

---- Source Options
Top Module Name                    : LAPO_toplevel
Automatic FSM Extraction           : YES
FSM Encoding Algorithm             : Auto
Safe Implementation                : No
FSM Style                          : LUT
RAM Extraction                     : Yes
RAM Style                          : Auto
ROM Extraction                     : Yes
Shift Register Extraction          : YES
ROM Style                          : Auto
Resource Sharing                   : YES
Asynchronous To Synchronous        : NO
Shift Register Minimum Size        : 2
Use DSP Block                      : Auto
Automatic Register Balancing       : No

---- Target Options
LUT Combining                      : Auto
Reduce Control Sets                : Auto
Add IO Buffers                     : YES
Global Maximum Fanout              : 100000
Add Generic Clock Buffer(BUFG)     : 32
Register Duplication               : YES
Optimize Instantiated Primitives   : NO
Use Clock Enable                   : Auto
Use Synchronous Set                : Auto
Use Synchronous Reset              : Auto
Pack IO Registers into IOBs        : Auto
Equivalent register Removal        : YES

---- General Options
Optimization Goal                  : Speed
Optimization Effort                : 2
Power Reduction                    : NO
Keep Hierarchy                     : No
Netlist Hierarchy                  : As_Optimized
RTL Output                         : Yes
Global Optimization                : AllClockNets
Read Cores                         : YES
Write Timing Constraints           : NO
Cross Clock Analysis               : NO
Hierarchy Separator                : /
Bus Delimiter                      : <>
Case Specifier                     : Maintain
Slice Utilization Ratio            : 100
BRAM Utilization Ratio             : 100
DSP48 Utilization Ratio            : 100
Auto BRAM Packing                  : NO
Slice Utilization Ratio Delta      : 5

---- Other Options
Cores Search Directories           : {"ipcore_dir"  }

=========================================================================


=========================================================================
*                          HDL Parsing                                  *
=========================================================================
Parsing VHDL file "/home/brb/lapo3/lapo/ipcore_dir/LUT_rom_2.vhd" into library work
Parsing entity <LUT_rom_2>.
Parsing architecture <LUT_rom_2_a> of entity <lut_rom_2>.
Parsing VHDL file "/home/brb/lapo3/lapo/mux2_parallelism.vhd" into library work
Parsing entity <mux2_parallelism>.
Parsing architecture <Behavioral> of entity <mux2_parallelism>.
Parsing VHDL file "/home/brb/lapo3/lapo/ipcore_dir/ram.vhd" into library work
Parsing entity <ram>.
Parsing architecture <ram_a> of entity <ram>.
Parsing VHDL file "/home/brb/lapo3/lapo/inc.vhd" into library work
Parsing entity <inc>.
Parsing architecture <Behavioral> of entity <inc>.
Parsing VHDL file "/home/brb/lapo3/lapo/down_timer.vhd" into library work
Parsing entity <down_timer>.
Parsing architecture <Behavioral> of entity <down_timer>.
Parsing VHDL file "/home/brb/lapo3/lapo/down_counter_genric.vhd" into library work
Parsing entity <down_counter_generic>.
Parsing architecture <Behavioral> of entity <down_counter_generic>.
Parsing VHDL file "/home/brb/lapo3/lapo/D_FF.vhd" into library work
Parsing entity <D_FF>.
Parsing architecture <Behavioral> of entity <d_ff>.
Parsing VHDL file "/home/brb/lapo3/lapo/DP.vhd" into library work
Parsing entity <DP>.
Parsing architecture <structural> of entity <dp>.
Parsing VHDL file "/home/brb/lapo3/lapo/CU.vhd" into library work
Parsing entity <CU>.
Parsing architecture <Behavioral> of entity <cu>.
Parsing VHDL file "/home/brb/lapo3/lapo/controllerB.vhd" into library work
Parsing entity <controllerB>.
Parsing architecture <Behavioral> of entity <controllerb>.
Parsing VHDL file "/home/brb/lapo3/lapo/up_counter.vhd" into library work
Parsing entity <up_counter>.
Parsing architecture <Behavioral> of entity <up_counter>.
Parsing VHDL file "/home/brb/lapo3/lapo/MISR.vhd" into library work
Parsing entity <MISR>.
Parsing architecture <Structural> of entity <misr>.
Parsing VHDL file "/home/brb/lapo3/lapo/incRam.vhd" into library work
Parsing entity <incRam>.
Parsing architecture <Behavioral> of entity <incram>.
Parsing VHDL file "/home/brb/lapo3/lapo/golden_ROM.vhd" into library work
Parsing entity <golden_ROM>.
Parsing architecture <golden_ROM_a> of entity <golden_rom>.
Parsing VHDL file "/home/brb/lapo3/lapo/equality_comparator.vhd" into library work
Parsing entity <equality_comparator>.
Parsing architecture <Behavioral> of entity <equality_comparator>.
Parsing VHDL file "/home/brb/lapo3/lapo/down_counter.vhd" into library work
Parsing entity <down_counter>.
Parsing architecture <Behavioral> of entity <down_counter>.
Parsing VHDL file "/home/brb/lapo3/lapo/profiler.vhd" into library work
Parsing entity <profiler>.
Parsing architecture <Structural> of entity <profiler>.
Parsing VHDL file "/home/brb/lapo3/lapo/load_reg_N.vhd" into library work
Parsing entity <load_reg_N>.
Parsing architecture <Behavioral> of entity <load_reg_n>.
Parsing VHDL file "/home/brb/lapo3/lapo/load_D_FF.vhd" into library work
Parsing entity <load_D_FF>.
Parsing architecture <Behavioral> of entity <load_d_ff>.
Parsing VHDL file "/home/brb/lapo3/lapo/fault_checker.vhd" into library work
Parsing entity <fault_checker>.
Parsing architecture <Structural> of entity <fault_checker>.
Parsing VHDL file "/home/brb/lapo3/lapo/LAPO_toplevel.vhd" into library work
Parsing entity <LAPO_toplevel>.
Parsing architecture <Structural> of entity <lapo_toplevel>.

=========================================================================
*                            HDL Elaboration                            *
=========================================================================

Elaborating entity <LAPO_toplevel> (architecture <Structural>) with generics from library <work>.

Elaborating entity <load_reg_N> (architecture <Behavioral>) with generics from library <work>.

Elaborating entity <load_D_FF> (architecture <Behavioral>) from library <work>.

Elaborating entity <D_FF> (architecture <Behavioral>) from library <work>.

Elaborating entity <profiler> (architecture <Structural>) with generics from library <work>.

Elaborating entity <LUT_rom_2> (architecture <LUT_rom_2_a>) from library <work>.

Elaborating entity <incRam> (architecture <Behavioral>) with generics from library <work>.

Elaborating entity <DP> (architecture <structural>) with generics from library <work>.

Elaborating entity <ram> (architecture <ram_a>) from library <work>.

Elaborating entity <mux2_parallelism> (architecture <Behavioral>) with generics from library <work>.

Elaborating entity <mux2_parallelism> (architecture <Behavioral>) with generics from library <work>.

Elaborating entity <down_counter_generic> (architecture <Behavioral>) with generics from library <work>.

Elaborating entity <down_timer> (architecture <Behavioral>) with generics from library <work>.

Elaborating entity <inc> (architecture <Behavioral>) from library <work>.

Elaborating entity <CU> (architecture <Behavioral>) from library <work>.
INFO:HDLCompiler:679 - "/home/brb/lapo3/lapo/CU.vhd" Line 87. Case statement is complete. others clause is never selected

Elaborating entity <controllerB> (architecture <Behavioral>) from library <work>.
INFO:HDLCompiler:679 - "/home/brb/lapo3/lapo/controllerB.vhd" Line 75. Case statement is complete. others clause is never selected

Elaborating entity <fault_checker> (architecture <Structural>) from library <work>.

Elaborating entity <MISR> (architecture <Structural>) from library <work>.

Elaborating entity <golden_ROM> (architecture <golden_ROM_a>) from library <work>.

Elaborating entity <down_counter> (architecture <Behavioral>) from library <work>.

Elaborating entity <up_counter> (architecture <Behavioral>) from library <work>.

Elaborating entity <equality_comparator> (architecture <Behavioral>) with generics from library <work>.

=========================================================================
*                           HDL Synthesis                               *
=========================================================================

Synthesizing Unit <LAPO_toplevel>.
    Related source file is "/home/brb/lapo3/lapo/LAPO_toplevel.vhd".
        data_dimension = 64
        address_dimension = 64
        bit_groups = 7
    Summary:
	no macro.
Unit <LAPO_toplevel> synthesized.

Synthesizing Unit <load_reg_N>.
    Related source file is "/home/brb/lapo3/lapo/load_reg_N.vhd".
        N = 64
    Found 64-bit register for signal <int_reg>.
    Summary:
	inferred  64 D-type flip-flop(s).
Unit <load_reg_N> synthesized.

Synthesizing Unit <load_D_FF>.
    Related source file is "/home/brb/lapo3/lapo/load_D_FF.vhd".
    Found 1-bit register for signal <int>.
    Summary:
	inferred   1 D-type flip-flop(s).
Unit <load_D_FF> synthesized.

Synthesizing Unit <D_FF>.
    Related source file is "/home/brb/lapo3/lapo/D_FF.vhd".
    Found 1-bit register for signal <int>.
    Summary:
	inferred   1 D-type flip-flop(s).
Unit <D_FF> synthesized.

Synthesizing Unit <profiler>.
    Related source file is "/home/brb/lapo3/lapo/profiler.vhd".
        bit_groups = 7
    Summary:
	no macro.
Unit <profiler> synthesized.

Synthesizing Unit <incRam>.
    Related source file is "/home/brb/lapo3/lapo/incRam.vhd".
        bit_groups = 7
    Summary:
	no macro.
Unit <incRam> synthesized.

Synthesizing Unit <DP>.
    Related source file is "/home/brb/lapo3/lapo/DP.vhd".
        bit_groups = 7
    Found 7-bit comparator equal for signal <cmp_addr_s> created at line 120
    Summary:
	inferred   1 Comparator(s).
Unit <DP> synthesized.

Synthesizing Unit <mux2_parallelism_1>.
    Related source file is "/home/brb/lapo3/lapo/mux2_parallelism.vhd".
        parallelism = 7
    Summary:
	inferred   1 Multiplexer(s).
Unit <mux2_parallelism_1> synthesized.

Synthesizing Unit <mux2_parallelism_2>.
    Related source file is "/home/brb/lapo3/lapo/mux2_parallelism.vhd".
        parallelism = 16
    Summary:
	inferred   1 Multiplexer(s).
Unit <mux2_parallelism_2> synthesized.

Synthesizing Unit <down_counter_generic>.
    Related source file is "/home/brb/lapo3/lapo/down_counter_genric.vhd".
        parallelism = 7
    Found 7-bit register for signal <value>.
    Found 7-bit subtractor for signal <GND_18_o_GND_18_o_sub_3_OUT<6:0>> created at line 31.
    Summary:
	inferred   1 Adder/Subtractor(s).
	inferred   7 D-type flip-flop(s).
Unit <down_counter_generic> synthesized.

Synthesizing Unit <down_timer>.
    Related source file is "/home/brb/lapo3/lapo/down_timer.vhd".
        parallelism = 3
    Found 3-bit register for signal <value>.
    Found 3-bit subtractor for signal <GND_20_o_GND_20_o_sub_2_OUT<2:0>> created at line 27.
    Summary:
	inferred   1 Adder/Subtractor(s).
	inferred   3 D-type flip-flop(s).
Unit <down_timer> synthesized.

Synthesizing Unit <inc>.
    Related source file is "/home/brb/lapo3/lapo/inc.vhd".
    Found 16-bit adder for signal <z> created at line 17.
    Summary:
	inferred   1 Adder/Subtractor(s).
Unit <inc> synthesized.

Synthesizing Unit <CU>.
    Related source file is "/home/brb/lapo3/lapo/CU.vhd".
    Found 2-bit register for signal <current_state>.
    Found finite state machine <FSM_0> for signal <current_state>.
    -----------------------------------------------------------------------
    | States             | 4                                              |
    | Transitions        | 10                                             |
    | Inputs             | 4                                              |
    | Outputs            | 3                                              |
    | Clock              | clk (rising_edge)                              |
    | Reset              | rst_n (negative)                               |
    | Reset type         | asynchronous                                   |
    | Reset State        | idle                                           |
    | Power Up State     | idle                                           |
    | Encoding           | auto                                           |
    | Implementation     | LUT                                            |
    -----------------------------------------------------------------------
    Summary:
	inferred   1 Finite State Machine(s).
Unit <CU> synthesized.

Synthesizing Unit <controllerB>.
    Related source file is "/home/brb/lapo3/lapo/controllerB.vhd".
    Found 2-bit register for signal <current_state>.
    Found finite state machine <FSM_1> for signal <current_state>.
    -----------------------------------------------------------------------
    | States             | 3                                              |
    | Transitions        | 5                                              |
    | Inputs             | 2                                              |
    | Outputs            | 2                                              |
    | Clock              | clk (rising_edge)                              |
    | Reset              | rst_n (negative)                               |
    | Reset type         | asynchronous                                   |
    | Reset State        | check                                          |
    | Power Up State     | check                                          |
    | Encoding           | auto                                           |
    | Implementation     | LUT                                            |
    -----------------------------------------------------------------------
    Summary:
	inferred   2 Multiplexer(s).
	inferred   1 Finite State Machine(s).
Unit <controllerB> synthesized.

Synthesizing Unit <fault_checker>.
    Related source file is "/home/brb/lapo3/lapo/fault_checker.vhd".
    Summary:
Unit <fault_checker> synthesized.

Synthesizing Unit <MISR>.
    Related source file is "/home/brb/lapo3/lapo/MISR.vhd".
    Summary:
Unit <MISR> synthesized.

Synthesizing Unit <down_counter>.
    Related source file is "/home/brb/lapo3/lapo/down_counter.vhd".
    Found 5-bit register for signal <count>.
    Found 5-bit subtractor for signal <count[4]_GND_27_o_mux_1_OUT> created at line 23.
    Summary:
	inferred   1 Adder/Subtractor(s).
	inferred   5 D-type flip-flop(s).
Unit <down_counter> synthesized.

Synthesizing Unit <up_counter>.
    Related source file is "/home/brb/lapo3/lapo/up_counter.vhd".
    Found 10-bit register for signal <count>.
    Found 10-bit adder for signal <count[9]_count[9]_mux_2_OUT> created at line 1241.
    Summary:
	inferred   1 Adder/Subtractor(s).
	inferred  10 D-type flip-flop(s).
Unit <up_counter> synthesized.

Synthesizing Unit <equality_comparator>.
    Related source file is "/home/brb/lapo3/lapo/equality_comparator.vhd".
        N = 129
    Found 1-bit register for signal <eq_s>.
    Found 129-bit comparator not equal for signal <n0001> created at line 27
    Summary:
	inferred   1 D-type flip-flop(s).
	inferred   1 Comparator(s).
Unit <equality_comparator> synthesized.

=========================================================================
HDL Synthesis Report

Macro Statistics
# Adders/Subtractors                                   : 5
 10-bit adder                                          : 1
 16-bit adder                                          : 1
 3-bit subtractor                                      : 1
 5-bit subtractor                                      : 1
 7-bit subtractor                                      : 1
# Registers                                            : 140
 1-bit register                                        : 134
 10-bit register                                       : 1
 3-bit register                                        : 1
 5-bit register                                        : 1
 64-bit register                                       : 2
 7-bit register                                        : 1
# Comparators                                          : 2
 129-bit comparator not equal                          : 1
 7-bit comparator equal                                : 1
# Multiplexers                                         : 4
 1-bit 2-to-1 multiplexer                              : 2
 16-bit 2-to-1 multiplexer                             : 1
 7-bit 2-to-1 multiplexer                              : 1
# FSMs                                                 : 2
# Xors                                                 : 194
 1-bit xor2                                            : 194

=========================================================================

=========================================================================
*                       Advanced HDL Synthesis                          *
=========================================================================

Reading core <ipcore_dir/LUT_rom_2.ngc>.
Reading core <ipcore_dir/ram.ngc>.
Reading core <golden_ROM.ngc>.
Loading core <LUT_rom_2> for timing and area information for instance <LUT>.
Loading core <ram> for timing and area information for instance <MEM>.
Loading core <golden_ROM> for timing and area information for instance <gld_rom>.

Synthesizing (advanced) Unit <down_counter>.
The following registers are absorbed into counter <count>: 1 register on signal <count>.
Unit <down_counter> synthesized (advanced).

Synthesizing (advanced) Unit <down_counter_generic>.
The following registers are absorbed into counter <value>: 1 register on signal <value>.
Unit <down_counter_generic> synthesized (advanced).

Synthesizing (advanced) Unit <down_timer>.
The following registers are absorbed into counter <value>: 1 register on signal <value>.
Unit <down_timer> synthesized (advanced).

Synthesizing (advanced) Unit <up_counter>.
The following registers are absorbed into counter <count>: 1 register on signal <count>.
Unit <up_counter> synthesized (advanced).

=========================================================================
Advanced HDL Synthesis Report

Macro Statistics
# Adders/Subtractors                                   : 1
 16-bit adder                                          : 1
# Counters                                             : 4
 10-bit up counter                                     : 1
 3-bit down counter                                    : 1
 5-bit down counter                                    : 1
 7-bit down counter                                    : 1
# Registers                                            : 262
 Flip-Flops                                            : 262
# Comparators                                          : 2
 129-bit comparator not equal                          : 1
 7-bit comparator equal                                : 1
# Multiplexers                                         : 4
 1-bit 2-to-1 multiplexer                              : 2
 16-bit 2-to-1 multiplexer                             : 1
 7-bit 2-to-1 multiplexer                              : 1
# FSMs                                                 : 2
# Xors                                                 : 194
 1-bit xor2                                            : 194

=========================================================================

=========================================================================
*                         Low Level Synthesis                           *
=========================================================================
Analyzing FSM <MFsm> for best encoding.
Optimizing FSM <FSM_0> on signal <current_state[1:2]> with sequential encoding.
-------------------
 State | Encoding
-------------------
 idle  | 00
 rd    | 01
 wr    | 11
 ini   | 10
-------------------
Analyzing FSM <MFsm> for best encoding.
Optimizing FSM <FSM_1> on signal <current_state[1:2]> with user encoding.
-----------------------
 State     | Encoding
-----------------------
 check     | 00
 discarded | 01
 committed | 10
-----------------------

Optimizing unit <LAPO_toplevel> ...

Optimizing unit <load_reg_N> ...

Optimizing unit <MISR> ...

Mapping all equations...
Building and optimizing final netlist ...
Found area constraint ratio of 100 (+ 5) on block LAPO_toplevel, actual ratio is 0.

Final Macro Processing ...

=========================================================================
Final Register Report

Macro Statistics
# Registers                                            : 291
 Flip-Flops                                            : 291

=========================================================================

=========================================================================
*                           Partition Report                            *
=========================================================================

Partition Implementation Status
-------------------------------

  No Partitions were found in this design.

-------------------------------

=========================================================================
*                            Design Summary                             *
=========================================================================

Top Level Output File Name         : LAPO_toplevel.ngc

Primitive and Black Box Usage:
------------------------------
# BELS                             : 353
#      GND                         : 4
#      INV                         : 7
#      LUT1                        : 22
#      LUT2                        : 72
#      LUT3                        : 83
#      LUT4                        : 11
#      LUT5                        : 7
#      LUT6                        : 51
#      MUXCY                       : 67
#      VCC                         : 3
#      XORCY                       : 26
# FlipFlops/Latches                : 291
#      FDC                         : 148
#      FDCE                        : 129
#      FDP                         : 6
#      FDPE                        : 8
# RAMS                             : 6
#      RAMB18E1                    : 2
#      RAMB36E1                    : 4
# Clock Buffers                    : 2
#      BUFG                        : 1
#      BUFGP                       : 1
# IO Buffers                       : 159
#      IBUF                        : 141
#      OBUF                        : 18

Device utilization summary:
---------------------------

Selected Device : 6vlx75tff484-3 


Slice Logic Utilization: 
 Number of Slice Registers:             291  out of  93120     0%  
 Number of Slice LUTs:                  253  out of  46560     0%  
    Number used as Logic:               253  out of  46560     0%  

Slice Logic Distribution: 
 Number of LUT Flip Flop pairs used:    371
   Number with an unused Flip Flop:      80  out of    371    21%  
   Number with an unused LUT:           118  out of    371    31%  
   Number of fully used LUT-FF pairs:   173  out of    371    46%  
   Number of unique control sets:         7

IO Utilization: 
 Number of IOs:                         160
 Number of bonded IOBs:                 160  out of    240    66%  

Specific Feature Utilization:
 Number of Block RAM/FIFO:                5  out of    156     3%  
    Number using Block RAM only:          5
 Number of BUFG/BUFGCTRLs:                2  out of     32     6%  

---------------------------
Partition Resource Summary:
---------------------------

  No Partitions were found in this design.

---------------------------


=========================================================================
Timing Report

NOTE: THESE TIMING NUMBERS ARE ONLY A SYNTHESIS ESTIMATE.
      FOR ACCURATE TIMING INFORMATION PLEASE REFER TO THE TRACE REPORT
      GENERATED AFTER PLACE-and-ROUTE.

Clock Information:
------------------
------------------------------------------------------------------------------+-------------------------------------------------------------------------------------------------------------------------------------------------------------------------+-------+
Clock Signal                                                                  | Clock buffer(FF name)                                                                                                                                                   | Load  |
------------------------------------------------------------------------------+-------------------------------------------------------------------------------------------------------------------------------------------------------------------------+-------+
clk                                                                           | BUFGP                                                                                                                                                                   | 148   |
tap_FF/int                                                                    | BUFG                                                                                                                                                                    | 135   |
Fault_Checker_subsystem/tc_s(Fault_Checker_subsystem/dwn_cnt/tc<4>1:O)        | NONE(*)(Fault_Checker_subsystem/up_cnt/count_0)                                                                                                                         | 10    |
Fault_Checker_subsystem/rom_clk(Fault_Checker_subsystem/Mxor_rom_clk_xo<0>1:O)| NONE(*)(Fault_Checker_subsystem/gld_rom/U0/xst_blk_mem_generator/gnativebmg.native_blk_mem_gen/valid.cstr/ramloop[0].ram.r/v6_init.ram/NO_BMM_INFO.SP.SIMPLE_PRIM36.ram)| 4     |
------------------------------------------------------------------------------+-------------------------------------------------------------------------------------------------------------------------------------------------------------------------+-------+
(*) These 2 clock signal(s) are generated by combinatorial logic,
and XST is not able to identify which are the primary clock signals.
Please use the CLOCK_SIGNAL constraint to specify the clock signal(s) generated by combinatorial logic.
INFO:Xst:2169 - HDL ADVISOR - Some clock signals were not automatically buffered by XST with BUFG/BUFR resources. Please use the buffer_type constraint in order to insert these buffers to the clock signals to help prevent skew problems.

Asynchronous Control Signals Information:
----------------------------------------
-----------------------------------------------------------------------------------------------+--------------------------------------------------------------------------------------------------------------------------------------------------------------------------------------+-------+
Control Signal                                                                                 | Buffer(FF name)                                                                                                                                                                      | Load  |
-----------------------------------------------------------------------------------------------+--------------------------------------------------------------------------------------------------------------------------------------------------------------------------------------+-------+
Fault_Checker_subsystem/gld_rom/N1(Fault_Checker_subsystem/gld_rom/XST_GND:G)                  | NONE(Fault_Checker_subsystem/gld_rom/U0/xst_blk_mem_generator/gnativebmg.native_blk_mem_gen/valid.cstr/ramloop[1].ram.r/v6_init.ram/NO_BMM_INFO.SP.SIMPLE_PRIM36.ram)                | 8     |
Profiler_subsystem/LUT/N1(Profiler_subsystem/LUT/XST_GND:G)                                    | NONE(Profiler_subsystem/LUT/U0/xst_blk_mem_generator/gnativebmg.native_blk_mem_gen/valid.cstr/ramloop[0].ram.r/v6_init.ram/NO_BMM_INFO.SP.WIDE_PRIM18.ram)                           | 4     |
N0(XST_GND:G)                                                                                  | NONE(Profiler_subsystem/DebugRam/datapath/MEM/U0/xst_blk_mem_generator/gnativebmg.native_blk_mem_gen/valid.cstr/ramloop[0].ram.r/v6_noinit.ram/NO_BMM_INFO.TRUE_DP.SIMPLE_PRIM18.ram)| 2     |
Profiler_subsystem/DebugRam/datapath/MEM/N1(Profiler_subsystem/DebugRam/datapath/MEM/XST_GND:G)| NONE(Profiler_subsystem/DebugRam/datapath/MEM/U0/xst_blk_mem_generator/gnativebmg.native_blk_mem_gen/valid.cstr/ramloop[0].ram.r/v6_noinit.ram/NO_BMM_INFO.TRUE_DP.SIMPLE_PRIM18.ram)| 2     |
-----------------------------------------------------------------------------------------------+--------------------------------------------------------------------------------------------------------------------------------------------------------------------------------------+-------+

Timing Summary:
---------------
Speed Grade: -3

   Minimum period: 3.852ns (Maximum Frequency: 259.612MHz)
   Minimum input arrival time before clock: 2.012ns
   Maximum output required time after clock: 1.873ns
   Maximum combinational path delay: No path found

Timing Details:
---------------
All values displayed in nanoseconds (ns)

=========================================================================
Timing constraint: Default period analysis for Clock 'clk'
  Clock period: 3.852ns (frequency: 259.612MHz)
  Total number of paths / destination ports: 599 / 202
-------------------------------------------------------------------------
Delay:               3.852ns (Levels of Logic = 19)
  Source:            Profiler_subsystem/DebugRam/datapath/MEM/U0/xst_blk_mem_generator/gnativebmg.native_blk_mem_gen/valid.cstr/ramloop[0].ram.r/v6_noinit.ram/NO_BMM_INFO.TRUE_DP.SIMPLE_PRIM18.ram (RAM)
  Destination:       Profiler_subsystem/DebugRam/datapath/MEM/U0/xst_blk_mem_generator/gnativebmg.native_blk_mem_gen/valid.cstr/ramloop[0].ram.r/v6_noinit.ram/NO_BMM_INFO.TRUE_DP.SIMPLE_PRIM18.ram (RAM)
  Source Clock:      clk rising
  Destination Clock: clk rising

  Data Path: Profiler_subsystem/DebugRam/datapath/MEM/U0/xst_blk_mem_generator/gnativebmg.native_blk_mem_gen/valid.cstr/ramloop[0].ram.r/v6_noinit.ram/NO_BMM_INFO.TRUE_DP.SIMPLE_PRIM18.ram to Profiler_subsystem/DebugRam/datapath/MEM/U0/xst_blk_mem_generator/gnativebmg.native_blk_mem_gen/valid.cstr/ramloop[0].ram.r/v6_noinit.ram/NO_BMM_INFO.TRUE_DP.SIMPLE_PRIM18.ram
                                Gate     Net
    Cell:in->out      fanout   Delay   Delay  Logical Name (Net Name)
    ----------------------------------------  ------------
     RAMB18E1:CLKARDCLK->DOADO0    1   1.591   0.279  U0/xst_blk_mem_generator/gnativebmg.native_blk_mem_gen/valid.cstr/ramloop[0].ram.r/v6_noinit.ram/NO_BMM_INFO.TRUE_DP.SIMPLE_PRIM18.ram (douta<0>)
     end scope: 'Profiler_subsystem/DebugRam/datapath/MEM:douta<0>'
     INV:I->O              1   0.070   0.000  Profiler_subsystem/DebugRam/datapath/INKER/Madd_z_lut<0>_INV_0 (Profiler_subsystem/DebugRam/datapath/INKER/Madd_z_lut<0>)
     MUXCY:S->O            1   0.219   0.000  Profiler_subsystem/DebugRam/datapath/INKER/Madd_z_cy<0> (Profiler_subsystem/DebugRam/datapath/INKER/Madd_z_cy<0>)
     MUXCY:CI->O           1   0.015   0.000  Profiler_subsystem/DebugRam/datapath/INKER/Madd_z_cy<1> (Profiler_subsystem/DebugRam/datapath/INKER/Madd_z_cy<1>)
     MUXCY:CI->O           1   0.015   0.000  Profiler_subsystem/DebugRam/datapath/INKER/Madd_z_cy<2> (Profiler_subsystem/DebugRam/datapath/INKER/Madd_z_cy<2>)
     MUXCY:CI->O           1   0.015   0.000  Profiler_subsystem/DebugRam/datapath/INKER/Madd_z_cy<3> (Profiler_subsystem/DebugRam/datapath/INKER/Madd_z_cy<3>)
     MUXCY:CI->O           1   0.015   0.000  Profiler_subsystem/DebugRam/datapath/INKER/Madd_z_cy<4> (Profiler_subsystem/DebugRam/datapath/INKER/Madd_z_cy<4>)
     MUXCY:CI->O           1   0.015   0.000  Profiler_subsystem/DebugRam/datapath/INKER/Madd_z_cy<5> (Profiler_subsystem/DebugRam/datapath/INKER/Madd_z_cy<5>)
     MUXCY:CI->O           1   0.015   0.000  Profiler_subsystem/DebugRam/datapath/INKER/Madd_z_cy<6> (Profiler_subsystem/DebugRam/datapath/INKER/Madd_z_cy<6>)
     MUXCY:CI->O           1   0.015   0.000  Profiler_subsystem/DebugRam/datapath/INKER/Madd_z_cy<7> (Profiler_subsystem/DebugRam/datapath/INKER/Madd_z_cy<7>)
     MUXCY:CI->O           1   0.015   0.000  Profiler_subsystem/DebugRam/datapath/INKER/Madd_z_cy<8> (Profiler_subsystem/DebugRam/datapath/INKER/Madd_z_cy<8>)
     MUXCY:CI->O           1   0.015   0.000  Profiler_subsystem/DebugRam/datapath/INKER/Madd_z_cy<9> (Profiler_subsystem/DebugRam/datapath/INKER/Madd_z_cy<9>)
     MUXCY:CI->O           1   0.015   0.000  Profiler_subsystem/DebugRam/datapath/INKER/Madd_z_cy<10> (Profiler_subsystem/DebugRam/datapath/INKER/Madd_z_cy<10>)
     MUXCY:CI->O           1   0.015   0.000  Profiler_subsystem/DebugRam/datapath/INKER/Madd_z_cy<11> (Profiler_subsystem/DebugRam/datapath/INKER/Madd_z_cy<11>)
     MUXCY:CI->O           1   0.015   0.000  Profiler_subsystem/DebugRam/datapath/INKER/Madd_z_cy<12> (Profiler_subsystem/DebugRam/datapath/INKER/Madd_z_cy<12>)
     MUXCY:CI->O           1   0.015   0.000  Profiler_subsystem/DebugRam/datapath/INKER/Madd_z_cy<13> (Profiler_subsystem/DebugRam/datapath/INKER/Madd_z_cy<13>)
     MUXCY:CI->O           0   0.015   0.000  Profiler_subsystem/DebugRam/datapath/INKER/Madd_z_cy<14> (Profiler_subsystem/DebugRam/datapath/INKER/Madd_z_cy<14>)
     XORCY:CI->O           1   0.180   0.296  Profiler_subsystem/DebugRam/datapath/INKER/Madd_z_xor<15> (Profiler_subsystem/DebugRam/datapath/inc_out_s<15>)
     LUT3:I2->O            1   0.053   0.279  Profiler_subsystem/DebugRam/datapath/MUX_DATA/Mmux_z71 (Profiler_subsystem/DebugRam/datapath/dina_s<15>)
     begin scope: 'Profiler_subsystem/DebugRam/datapath/MEM:dina<15>'
     RAMB18E1:DIADI15          0.674          U0/xst_blk_mem_generator/gnativebmg.native_blk_mem_gen/valid.cstr/ramloop[0].ram.r/v6_noinit.ram/NO_BMM_INFO.TRUE_DP.SIMPLE_PRIM18.ram
    ----------------------------------------
    Total                      3.852ns (2.997ns logic, 0.855ns route)
                                       (77.8% logic, 22.2% route)

=========================================================================
Timing constraint: Default period analysis for Clock 'tap_FF/int'
  Clock period: 3.010ns (frequency: 332.215MHz)
  Total number of paths / destination ports: 342 / 135
-------------------------------------------------------------------------
Delay:               3.010ns (Levels of Logic = 45)
  Source:            Fault_Checker_subsystem/misr_c/G[0].G0.ff_0/int (FF)
  Destination:       Fault_Checker_subsystem/eq_cmp/eq_s (FF)
  Source Clock:      tap_FF/int rising
  Destination Clock: tap_FF/int rising

  Data Path: Fault_Checker_subsystem/misr_c/G[0].G0.ff_0/int to Fault_Checker_subsystem/eq_cmp/eq_s
                                Gate     Net
    Cell:in->out      fanout   Delay   Delay  Logical Name (Net Name)
    ----------------------------------------  ------------
     FDC:C->Q              2   0.280   0.599  Fault_Checker_subsystem/misr_c/G[0].G0.ff_0/int (Fault_Checker_subsystem/misr_c/G[0].G0.ff_0/int)
     LUT6:I0->O            1   0.053   0.000  Fault_Checker_subsystem/eq_cmp/Mcompar_b[128]_a[128]_not_equal_0_o_lut<0> (Fault_Checker_subsystem/eq_cmp/Mcompar_b[128]_a[128]_not_equal_0_o_lut<0>)
     MUXCY:S->O            1   0.219   0.000  Fault_Checker_subsystem/eq_cmp/Mcompar_b[128]_a[128]_not_equal_0_o_cy<0> (Fault_Checker_subsystem/eq_cmp/Mcompar_b[128]_a[128]_not_equal_0_o_cy<0>)
     MUXCY:CI->O           1   0.015   0.000  Fault_Checker_subsystem/eq_cmp/Mcompar_b[128]_a[128]_not_equal_0_o_cy<1> (Fault_Checker_subsystem/eq_cmp/Mcompar_b[128]_a[128]_not_equal_0_o_cy<1>)
     MUXCY:CI->O           1   0.015   0.000  Fault_Checker_subsystem/eq_cmp/Mcompar_b[128]_a[128]_not_equal_0_o_cy<2> (Fault_Checker_subsystem/eq_cmp/Mcompar_b[128]_a[128]_not_equal_0_o_cy<2>)
     MUXCY:CI->O           1   0.015   0.000  Fault_Checker_subsystem/eq_cmp/Mcompar_b[128]_a[128]_not_equal_0_o_cy<3> (Fault_Checker_subsystem/eq_cmp/Mcompar_b[128]_a[128]_not_equal_0_o_cy<3>)
     MUXCY:CI->O           1   0.015   0.000  Fault_Checker_subsystem/eq_cmp/Mcompar_b[128]_a[128]_not_equal_0_o_cy<4> (Fault_Checker_subsystem/eq_cmp/Mcompar_b[128]_a[128]_not_equal_0_o_cy<4>)
     MUXCY:CI->O           1   0.015   0.000  Fault_Checker_subsystem/eq_cmp/Mcompar_b[128]_a[128]_not_equal_0_o_cy<5> (Fault_Checker_subsystem/eq_cmp/Mcompar_b[128]_a[128]_not_equal_0_o_cy<5>)
     MUXCY:CI->O           1   0.015   0.000  Fault_Checker_subsystem/eq_cmp/Mcompar_b[128]_a[128]_not_equal_0_o_cy<6> (Fault_Checker_subsystem/eq_cmp/Mcompar_b[128]_a[128]_not_equal_0_o_cy<6>)
     MUXCY:CI->O           1   0.015   0.000  Fault_Checker_subsystem/eq_cmp/Mcompar_b[128]_a[128]_not_equal_0_o_cy<7> (Fault_Checker_subsystem/eq_cmp/Mcompar_b[128]_a[128]_not_equal_0_o_cy<7>)
     MUXCY:CI->O           1   0.015   0.000  Fault_Checker_subsystem/eq_cmp/Mcompar_b[128]_a[128]_not_equal_0_o_cy<8> (Fault_Checker_subsystem/eq_cmp/Mcompar_b[128]_a[128]_not_equal_0_o_cy<8>)
     MUXCY:CI->O           1   0.015   0.000  Fault_Checker_subsystem/eq_cmp/Mcompar_b[128]_a[128]_not_equal_0_o_cy<9> (Fault_Checker_subsystem/eq_cmp/Mcompar_b[128]_a[128]_not_equal_0_o_cy<9>)
     MUXCY:CI->O           1   0.015   0.000  Fault_Checker_subsystem/eq_cmp/Mcompar_b[128]_a[128]_not_equal_0_o_cy<10> (Fault_Checker_subsystem/eq_cmp/Mcompar_b[128]_a[128]_not_equal_0_o_cy<10>)
     MUXCY:CI->O           1   0.015   0.000  Fault_Checker_subsystem/eq_cmp/Mcompar_b[128]_a[128]_not_equal_0_o_cy<11> (Fault_Checker_subsystem/eq_cmp/Mcompar_b[128]_a[128]_not_equal_0_o_cy<11>)
     MUXCY:CI->O           1   0.015   0.000  Fault_Checker_subsystem/eq_cmp/Mcompar_b[128]_a[128]_not_equal_0_o_cy<12> (Fault_Checker_subsystem/eq_cmp/Mcompar_b[128]_a[128]_not_equal_0_o_cy<12>)
     MUXCY:CI->O           1   0.015   0.000  Fault_Checker_subsystem/eq_cmp/Mcompar_b[128]_a[128]_not_equal_0_o_cy<13> (Fault_Checker_subsystem/eq_cmp/Mcompar_b[128]_a[128]_not_equal_0_o_cy<13>)
     MUXCY:CI->O           1   0.015   0.000  Fault_Checker_subsystem/eq_cmp/Mcompar_b[128]_a[128]_not_equal_0_o_cy<14> (Fault_Checker_subsystem/eq_cmp/Mcompar_b[128]_a[128]_not_equal_0_o_cy<14>)
     MUXCY:CI->O           1   0.015   0.000  Fault_Checker_subsystem/eq_cmp/Mcompar_b[128]_a[128]_not_equal_0_o_cy<15> (Fault_Checker_subsystem/eq_cmp/Mcompar_b[128]_a[128]_not_equal_0_o_cy<15>)
     MUXCY:CI->O           1   0.015   0.000  Fault_Checker_subsystem/eq_cmp/Mcompar_b[128]_a[128]_not_equal_0_o_cy<16> (Fault_Checker_subsystem/eq_cmp/Mcompar_b[128]_a[128]_not_equal_0_o_cy<16>)
     MUXCY:CI->O           1   0.015   0.000  Fault_Checker_subsystem/eq_cmp/Mcompar_b[128]_a[128]_not_equal_0_o_cy<17> (Fault_Checker_subsystem/eq_cmp/Mcompar_b[128]_a[128]_not_equal_0_o_cy<17>)
     MUXCY:CI->O           1   0.015   0.000  Fault_Checker_subsystem/eq_cmp/Mcompar_b[128]_a[128]_not_equal_0_o_cy<18> (Fault_Checker_subsystem/eq_cmp/Mcompar_b[128]_a[128]_not_equal_0_o_cy<18>)
     MUXCY:CI->O           1   0.015   0.000  Fault_Checker_subsystem/eq_cmp/Mcompar_b[128]_a[128]_not_equal_0_o_cy<19> (Fault_Checker_subsystem/eq_cmp/Mcompar_b[128]_a[128]_not_equal_0_o_cy<19>)
     MUXCY:CI->O           1   0.015   0.000  Fault_Checker_subsystem/eq_cmp/Mcompar_b[128]_a[128]_not_equal_0_o_cy<20> (Fault_Checker_subsystem/eq_cmp/Mcompar_b[128]_a[128]_not_equal_0_o_cy<20>)
     MUXCY:CI->O           1   0.015   0.000  Fault_Checker_subsystem/eq_cmp/Mcompar_b[128]_a[128]_not_equal_0_o_cy<21> (Fault_Checker_subsystem/eq_cmp/Mcompar_b[128]_a[128]_not_equal_0_o_cy<21>)
     MUXCY:CI->O           1   0.015   0.000  Fault_Checker_subsystem/eq_cmp/Mcompar_b[128]_a[128]_not_equal_0_o_cy<22> (Fault_Checker_subsystem/eq_cmp/Mcompar_b[128]_a[128]_not_equal_0_o_cy<22>)
     MUXCY:CI->O           1   0.015   0.000  Fault_Checker_subsystem/eq_cmp/Mcompar_b[128]_a[128]_not_equal_0_o_cy<23> (Fault_Checker_subsystem/eq_cmp/Mcompar_b[128]_a[128]_not_equal_0_o_cy<23>)
     MUXCY:CI->O           1   0.015   0.000  Fault_Checker_subsystem/eq_cmp/Mcompar_b[128]_a[128]_not_equal_0_o_cy<24> (Fault_Checker_subsystem/eq_cmp/Mcompar_b[128]_a[128]_not_equal_0_o_cy<24>)
     MUXCY:CI->O           1   0.015   0.000  Fault_Checker_subsystem/eq_cmp/Mcompar_b[128]_a[128]_not_equal_0_o_cy<25> (Fault_Checker_subsystem/eq_cmp/Mcompar_b[128]_a[128]_not_equal_0_o_cy<25>)
     MUXCY:CI->O           1   0.015   0.000  Fault_Checker_subsystem/eq_cmp/Mcompar_b[128]_a[128]_not_equal_0_o_cy<26> (Fault_Checker_subsystem/eq_cmp/Mcompar_b[128]_a[128]_not_equal_0_o_cy<26>)
     MUXCY:CI->O           1   0.015   0.000  Fault_Checker_subsystem/eq_cmp/Mcompar_b[128]_a[128]_not_equal_0_o_cy<27> (Fault_Checker_subsystem/eq_cmp/Mcompar_b[128]_a[128]_not_equal_0_o_cy<27>)
     MUXCY:CI->O           1   0.015   0.000  Fault_Checker_subsystem/eq_cmp/Mcompar_b[128]_a[128]_not_equal_0_o_cy<28> (Fault_Checker_subsystem/eq_cmp/Mcompar_b[128]_a[128]_not_equal_0_o_cy<28>)
     MUXCY:CI->O           1   0.015   0.000  Fault_Checker_subsystem/eq_cmp/Mcompar_b[128]_a[128]_not_equal_0_o_cy<29> (Fault_Checker_subsystem/eq_cmp/Mcompar_b[128]_a[128]_not_equal_0_o_cy<29>)
     MUXCY:CI->O           1   0.015   0.000  Fault_Checker_subsystem/eq_cmp/Mcompar_b[128]_a[128]_not_equal_0_o_cy<30> (Fault_Checker_subsystem/eq_cmp/Mcompar_b[128]_a[128]_not_equal_0_o_cy<30>)
     MUXCY:CI->O           1   0.015   0.000  Fault_Checker_subsystem/eq_cmp/Mcompar_b[128]_a[128]_not_equal_0_o_cy<31> (Fault_Checker_subsystem/eq_cmp/Mcompar_b[128]_a[128]_not_equal_0_o_cy<31>)
     MUXCY:CI->O           1   0.015   0.000  Fault_Checker_subsystem/eq_cmp/Mcompar_b[128]_a[128]_not_equal_0_o_cy<32> (Fault_Checker_subsystem/eq_cmp/Mcompar_b[128]_a[128]_not_equal_0_o_cy<32>)
     MUXCY:CI->O           1   0.015   0.000  Fault_Checker_subsystem/eq_cmp/Mcompar_b[128]_a[128]_not_equal_0_o_cy<33> (Fault_Checker_subsystem/eq_cmp/Mcompar_b[128]_a[128]_not_equal_0_o_cy<33>)
     MUXCY:CI->O           1   0.015   0.000  Fault_Checker_subsystem/eq_cmp/Mcompar_b[128]_a[128]_not_equal_0_o_cy<34> (Fault_Checker_subsystem/eq_cmp/Mcompar_b[128]_a[128]_not_equal_0_o_cy<34>)
     MUXCY:CI->O           1   0.015   0.000  Fault_Checker_subsystem/eq_cmp/Mcompar_b[128]_a[128]_not_equal_0_o_cy<35> (Fault_Checker_subsystem/eq_cmp/Mcompar_b[128]_a[128]_not_equal_0_o_cy<35>)
     MUXCY:CI->O           1   0.015   0.000  Fault_Checker_subsystem/eq_cmp/Mcompar_b[128]_a[128]_not_equal_0_o_cy<36> (Fault_Checker_subsystem/eq_cmp/Mcompar_b[128]_a[128]_not_equal_0_o_cy<36>)
     MUXCY:CI->O           1   0.015   0.000  Fault_Checker_subsystem/eq_cmp/Mcompar_b[128]_a[128]_not_equal_0_o_cy<37> (Fault_Checker_subsystem/eq_cmp/Mcompar_b[128]_a[128]_not_equal_0_o_cy<37>)
     MUXCY:CI->O           1   0.015   0.000  Fault_Checker_subsystem/eq_cmp/Mcompar_b[128]_a[128]_not_equal_0_o_cy<38> (Fault_Checker_subsystem/eq_cmp/Mcompar_b[128]_a[128]_not_equal_0_o_cy<38>)
     MUXCY:CI->O           1   0.015   0.000  Fault_Checker_subsystem/eq_cmp/Mcompar_b[128]_a[128]_not_equal_0_o_cy<39> (Fault_Checker_subsystem/eq_cmp/Mcompar_b[128]_a[128]_not_equal_0_o_cy<39>)
     MUXCY:CI->O           1   0.015   0.000  Fault_Checker_subsystem/eq_cmp/Mcompar_b[128]_a[128]_not_equal_0_o_cy<40> (Fault_Checker_subsystem/eq_cmp/Mcompar_b[128]_a[128]_not_equal_0_o_cy<40>)
     MUXCY:CI->O           1   0.015   0.000  Fault_Checker_subsystem/eq_cmp/Mcompar_b[128]_a[128]_not_equal_0_o_cy<41> (Fault_Checker_subsystem/eq_cmp/Mcompar_b[128]_a[128]_not_equal_0_o_cy<41>)
     MUXCY:CI->O           1   0.169   0.594  Fault_Checker_subsystem/eq_cmp/Mcompar_b[128]_a[128]_not_equal_0_o_cy<42> (Fault_Checker_subsystem/eq_cmp/b[128]_a[128]_not_equal_0_o)
     LUT6:I0->O            1   0.053   0.279  Fault_Checker_subsystem/eq_cmp/en_b[128]_AND_11_o1 (Fault_Checker_subsystem/eq_cmp/en_b[128]_AND_11_o)
     FDPE:CE                   0.149          Fault_Checker_subsystem/eq_cmp/eq_s
    ----------------------------------------
    Total                      3.010ns (1.538ns logic, 1.472ns route)
                                       (51.1% logic, 48.9% route)

=========================================================================
Timing constraint: Default period analysis for Clock 'Fault_Checker_subsystem/tc_s'
  Clock period: 1.167ns (frequency: 856.751MHz)
  Total number of paths / destination ports: 55 / 10
-------------------------------------------------------------------------
Delay:               1.167ns (Levels of Logic = 11)
  Source:            Fault_Checker_subsystem/up_cnt/count_0 (FF)
  Destination:       Fault_Checker_subsystem/up_cnt/count_9 (FF)
  Source Clock:      Fault_Checker_subsystem/tc_s rising
  Destination Clock: Fault_Checker_subsystem/tc_s rising

  Data Path: Fault_Checker_subsystem/up_cnt/count_0 to Fault_Checker_subsystem/up_cnt/count_9
                                Gate     Net
    Cell:in->out      fanout   Delay   Delay  Logical Name (Net Name)
    ----------------------------------------  ------------
     FDC:C->Q              5   0.280   0.298  Fault_Checker_subsystem/up_cnt/count_0 (Fault_Checker_subsystem/up_cnt/count_0)
     INV:I->O              1   0.070   0.000  Fault_Checker_subsystem/up_cnt/Mcount_count_lut<0>_INV_0 (Fault_Checker_subsystem/up_cnt/Mcount_count_lut<0>)
     MUXCY:S->O            1   0.219   0.000  Fault_Checker_subsystem/up_cnt/Mcount_count_cy<0> (Fault_Checker_subsystem/up_cnt/Mcount_count_cy<0>)
     MUXCY:CI->O           1   0.015   0.000  Fault_Checker_subsystem/up_cnt/Mcount_count_cy<1> (Fault_Checker_subsystem/up_cnt/Mcount_count_cy<1>)
     MUXCY:CI->O           1   0.015   0.000  Fault_Checker_subsystem/up_cnt/Mcount_count_cy<2> (Fault_Checker_subsystem/up_cnt/Mcount_count_cy<2>)
     MUXCY:CI->O           1   0.015   0.000  Fault_Checker_subsystem/up_cnt/Mcount_count_cy<3> (Fault_Checker_subsystem/up_cnt/Mcount_count_cy<3>)
     MUXCY:CI->O           1   0.015   0.000  Fault_Checker_subsystem/up_cnt/Mcount_count_cy<4> (Fault_Checker_subsystem/up_cnt/Mcount_count_cy<4>)
     MUXCY:CI->O           1   0.015   0.000  Fault_Checker_subsystem/up_cnt/Mcount_count_cy<5> (Fault_Checker_subsystem/up_cnt/Mcount_count_cy<5>)
     MUXCY:CI->O           1   0.015   0.000  Fault_Checker_subsystem/up_cnt/Mcount_count_cy<6> (Fault_Checker_subsystem/up_cnt/Mcount_count_cy<6>)
     MUXCY:CI->O           1   0.015   0.000  Fault_Checker_subsystem/up_cnt/Mcount_count_cy<7> (Fault_Checker_subsystem/up_cnt/Mcount_count_cy<7>)
     MUXCY:CI->O           0   0.015   0.000  Fault_Checker_subsystem/up_cnt/Mcount_count_cy<8> (Fault_Checker_subsystem/up_cnt/Mcount_count_cy<8>)
     XORCY:CI->O           1   0.180   0.000  Fault_Checker_subsystem/up_cnt/Mcount_count_xor<9> (Result<9>)
     FDC:D                    -0.012          Fault_Checker_subsystem/up_cnt/count_9
    ----------------------------------------
    Total                      1.167ns (0.869ns logic, 0.298ns route)
                                       (74.5% logic, 25.5% route)

=========================================================================
Timing constraint: Default OFFSET IN BEFORE for Clock 'clk'
  Total number of paths / destination ports: 299 / 278
-------------------------------------------------------------------------
Offset:              2.012ns (Levels of Logic = 5)
  Source:            debug_address<6> (PAD)
  Destination:       Profiler_subsystem/DebugRam/datapath/MEM/U0/xst_blk_mem_generator/gnativebmg.native_blk_mem_gen/valid.cstr/ramloop[0].ram.r/v6_noinit.ram/NO_BMM_INFO.TRUE_DP.SIMPLE_PRIM18.ram (RAM)
  Destination Clock: clk rising

  Data Path: debug_address<6> to Profiler_subsystem/DebugRam/datapath/MEM/U0/xst_blk_mem_generator/gnativebmg.native_blk_mem_gen/valid.cstr/ramloop[0].ram.r/v6_noinit.ram/NO_BMM_INFO.TRUE_DP.SIMPLE_PRIM18.ram
                                Gate     Net
    Cell:in->out      fanout   Delay   Delay  Logical Name (Net Name)
    ----------------------------------------  ------------
     IBUF:I->O             2   0.003   0.599  debug_address_6_IBUF (debug_address_6_IBUF)
     LUT6:I0->O            1   0.053   0.357  Profiler_subsystem/DebugRam/cuB/init_in_progress_wea_OR_9_o42 (Profiler_subsystem/DebugRam/cuB/init_in_progress_wea_OR_9_o42)
     LUT5:I3->O            2   0.053   0.300  Profiler_subsystem/DebugRam/cuB/init_in_progress_wea_OR_9_o43 (Profiler_subsystem/DebugRam/cuB/init_in_progress_wea_OR_9_o4)
     LUT5:I4->O            2   0.053   0.284  Profiler_subsystem/DebugRam/cuB/current_state_FSM_FFd1-In1 (Profiler_subsystem/DebugRam/cuB/current_state_FSM_FFd1-In)
     begin scope: 'Profiler_subsystem/DebugRam/datapath/MEM:enb'
     RAMB18E1:ENBWREN          0.310          U0/xst_blk_mem_generator/gnativebmg.native_blk_mem_gen/valid.cstr/ramloop[0].ram.r/v6_noinit.ram/NO_BMM_INFO.TRUE_DP.SIMPLE_PRIM18.ram
    ----------------------------------------
    Total                      2.012ns (0.472ns logic, 1.540ns route)
                                       (23.5% logic, 76.5% route)

=========================================================================
Timing constraint: Default OFFSET IN BEFORE for Clock 'tap_FF/int'
  Total number of paths / destination ports: 136 / 135
-------------------------------------------------------------------------
Offset:              1.106ns (Levels of Logic = 2)
  Source:            rst_n (PAD)
  Destination:       Fault_Checker_subsystem/dwn_cnt/count_0 (FF)
  Destination Clock: tap_FF/int rising

  Data Path: rst_n to Fault_Checker_subsystem/dwn_cnt/count_0
                                Gate     Net
    Cell:in->out      fanout   Delay   Delay  Logical Name (Net Name)
    ----------------------------------------  ------------
     IBUF:I->O             3   0.003   0.289  rst_n_IBUF (rst_n_IBUF)
     INV:I->O            280   0.070   0.424  control_reg/rst_n_inv1_INV_0 (Fault_Checker_subsystem/misr_c/G[0].G0.ff_0/rst_n_inv)
     FDC:CLR                   0.320          Fault_Checker_subsystem/misr_c/G[0].G0.ff_0/int
    ----------------------------------------
    Total                      1.106ns (0.393ns logic, 0.713ns route)
                                       (35.5% logic, 64.5% route)

=========================================================================
Timing constraint: Default OFFSET IN BEFORE for Clock 'Fault_Checker_subsystem/tc_s'
  Total number of paths / destination ports: 10 / 10
-------------------------------------------------------------------------
Offset:              1.106ns (Levels of Logic = 2)
  Source:            rst_n (PAD)
  Destination:       Fault_Checker_subsystem/up_cnt/count_0 (FF)
  Destination Clock: Fault_Checker_subsystem/tc_s rising

  Data Path: rst_n to Fault_Checker_subsystem/up_cnt/count_0
                                Gate     Net
    Cell:in->out      fanout   Delay   Delay  Logical Name (Net Name)
    ----------------------------------------  ------------
     IBUF:I->O             3   0.003   0.289  rst_n_IBUF (rst_n_IBUF)
     INV:I->O            280   0.070   0.424  control_reg/rst_n_inv1_INV_0 (Fault_Checker_subsystem/misr_c/G[0].G0.ff_0/rst_n_inv)
     FDC:CLR                   0.320          Fault_Checker_subsystem/up_cnt/count_0
    ----------------------------------------
    Total                      1.106ns (0.393ns logic, 0.713ns route)
                                       (35.5% logic, 64.5% route)

=========================================================================
Timing constraint: Default OFFSET OUT AFTER for Clock 'clk'
  Total number of paths / destination ports: 17 / 17
-------------------------------------------------------------------------
Offset:              1.873ns (Levels of Logic = 2)
  Source:            Profiler_subsystem/DebugRam/datapath/MEM/U0/xst_blk_mem_generator/gnativebmg.native_blk_mem_gen/valid.cstr/ramloop[0].ram.r/v6_noinit.ram/NO_BMM_INFO.TRUE_DP.SIMPLE_PRIM18.ram (RAM)
  Destination:       debug_data<15> (PAD)
  Source Clock:      clk rising

  Data Path: Profiler_subsystem/DebugRam/datapath/MEM/U0/xst_blk_mem_generator/gnativebmg.native_blk_mem_gen/valid.cstr/ramloop[0].ram.r/v6_noinit.ram/NO_BMM_INFO.TRUE_DP.SIMPLE_PRIM18.ram to debug_data<15>
                                Gate     Net
    Cell:in->out      fanout   Delay   Delay  Logical Name (Net Name)
    ----------------------------------------  ------------
     RAMB18E1:CLKARDCLK->DOBDO15    1   1.591   0.279  U0/xst_blk_mem_generator/gnativebmg.native_blk_mem_gen/valid.cstr/ramloop[0].ram.r/v6_noinit.ram/NO_BMM_INFO.TRUE_DP.SIMPLE_PRIM18.ram (doutb<15>)
     end scope: 'Profiler_subsystem/DebugRam/datapath/MEM:doutb<15>'
     OBUF:I->O                 0.003          debug_data_15_OBUF (debug_data<15>)
    ----------------------------------------
    Total                      1.873ns (1.594ns logic, 0.279ns route)
                                       (85.1% logic, 14.9% route)

=========================================================================
Timing constraint: Default OFFSET OUT AFTER for Clock 'tap_FF/int'
  Total number of paths / destination ports: 1 / 1
-------------------------------------------------------------------------
Offset:              0.912ns (Levels of Logic = 2)
  Source:            Fault_Checker_subsystem/eq_cmp/eq_s (FF)
  Destination:       fault_detected (PAD)
  Source Clock:      tap_FF/int rising

  Data Path: Fault_Checker_subsystem/eq_cmp/eq_s to fault_detected
                                Gate     Net
    Cell:in->out      fanout   Delay   Delay  Logical Name (Net Name)
    ----------------------------------------  ------------
     FDPE:C->Q             1   0.280   0.279  Fault_Checker_subsystem/eq_cmp/eq_s (Fault_Checker_subsystem/eq_cmp/eq_s)
     INV:I->O              1   0.070   0.279  Fault_Checker_subsystem/eq_cmp/eq_n1_INV_0 (fault_detected_OBUF)
     OBUF:I->O                 0.003          fault_detected_OBUF (fault_detected)
    ----------------------------------------
    Total                      0.912ns (0.353ns logic, 0.559ns route)
                                       (38.7% logic, 61.3% route)

=========================================================================

Cross Clock Domains Report:
--------------------------

Clock to Setup on destination clock Fault_Checker_subsystem/rom_clk
----------------------------+---------+---------+---------+---------+
                            | Src:Rise| Src:Fall| Src:Rise| Src:Fall|
Source Clock                |Dest:Rise|Dest:Rise|Dest:Fall|Dest:Fall|
----------------------------+---------+---------+---------+---------+
Fault_Checker_subsystem/tc_s|    0.939|         |         |         |
----------------------------+---------+---------+---------+---------+

Clock to Setup on destination clock Fault_Checker_subsystem/tc_s
----------------------------+---------+---------+---------+---------+
                            | Src:Rise| Src:Fall| Src:Rise| Src:Fall|
Source Clock                |Dest:Rise|Dest:Rise|Dest:Fall|Dest:Fall|
----------------------------+---------+---------+---------+---------+
Fault_Checker_subsystem/tc_s|    1.167|         |         |         |
----------------------------+---------+---------+---------+---------+

Clock to Setup on destination clock clk
---------------+---------+---------+---------+---------+
               | Src:Rise| Src:Fall| Src:Rise| Src:Fall|
Source Clock   |Dest:Rise|Dest:Rise|Dest:Fall|Dest:Fall|
---------------+---------+---------+---------+---------+
clk            |    3.852|         |         |         |
---------------+---------+---------+---------+---------+

Clock to Setup on destination clock tap_FF/int
---------------+---------+---------+---------+---------+
               | Src:Rise| Src:Fall| Src:Rise| Src:Fall|
Source Clock   |Dest:Rise|Dest:Rise|Dest:Fall|Dest:Fall|
---------------+---------+---------+---------+---------+
clk            |    0.776|         |         |         |
tap_FF/int     |    3.010|         |         |         |
---------------+---------+---------+---------+---------+

=========================================================================


Total REAL time to Xst completion: 13.00 secs
Total CPU time to Xst completion: 12.81 secs
 
--> 


Total memory usage is 432784 kilobytes

Number of errors   :    0 (   0 filtered)
Number of warnings :    0 (   0 filtered)
Number of infos    :    1 (   0 filtered)

